<?xml version="1.0" encoding="ISO-8859-1" ?>
<link_info>
   <banner>TI ARM Clang Linker Unix v2.1.3.LTS</banner>
   <copyright>Copyright (c) 1996-2018 Texas Instruments Incorporated</copyright>
   <link_time>0x66d95019</link_time>
   <link_errors>0x0</link_errors>
   <output_file>ECE319K_Lab9.out</output_file>
   <entry_point>
      <name>_c_int00_noargs</name>
      <address>0x1695d</address>
   </entry_point>
   <input_file_list>
      <input_file id="fl-1">
         <path>./</path>
         <kind>object</kind>
         <file>ADC1.o</file>
         <name>ADC1.o</name>
      </input_file>
      <input_file id="fl-2">
         <path>./</path>
         <kind>object</kind>
         <file>Clock.o</file>
         <name>Clock.o</name>
      </input_file>
      <input_file id="fl-3">
         <path>./</path>
         <kind>object</kind>
         <file>DAC5.o</file>
         <name>DAC5.o</name>
      </input_file>
      <input_file id="fl-4">
         <path>./</path>
         <kind>object</kind>
         <file>LED.o</file>
         <name>LED.o</name>
      </input_file>
      <input_file id="fl-5">
         <path>./</path>
         <kind>object</kind>
         <file>Lab9Main.o</file>
         <name>Lab9Main.o</name>
      </input_file>
      <input_file id="fl-6">
         <path>./</path>
         <kind>object</kind>
         <file>LaunchPad.o</file>
         <name>LaunchPad.o</name>
      </input_file>
      <input_file id="fl-7">
         <path>./</path>
         <kind>object</kind>
         <file>SPI.o</file>
         <name>SPI.o</name>
      </input_file>
      <input_file id="fl-8">
         <path>./</path>
         <kind>object</kind>
         <file>ST7735.o</file>
         <name>ST7735.o</name>
      </input_file>
      <input_file id="fl-9">
         <path>./</path>
         <kind>object</kind>
         <file>SmallFont.o</file>
         <name>SmallFont.o</name>
      </input_file>
      <input_file id="fl-a">
         <path>./</path>
         <kind>object</kind>
         <file>Sound.o</file>
         <name>Sound.o</name>
      </input_file>
      <input_file id="fl-b">
         <path>./</path>
         <kind>object</kind>
         <file>Switch.o</file>
         <name>Switch.o</name>
      </input_file>
      <input_file id="fl-c">
         <path>./</path>
         <kind>object</kind>
         <file>TExaS.o</file>
         <name>TExaS.o</name>
      </input_file>
      <input_file id="fl-d">
         <path>./</path>
         <kind>object</kind>
         <file>Timer.o</file>
         <name>Timer.o</name>
      </input_file>
      <input_file id="fl-e">
         <path>./images/pipedreams/</path>
         <kind>object</kind>
         <file>PipeSound.o</file>
         <name>PipeSound.o</name>
      </input_file>
      <input_file id="fl-f">
         <path>./sounds/</path>
         <kind>object</kind>
         <file>WavSounds.o</file>
         <name>WavSounds.o</name>
      </input_file>
      <input_file id="fl-10">
         <path>./ticlang/</path>
         <kind>object</kind>
         <file>startup_mspm0g3507_ticlang.o</file>
         <name>startup_mspm0g3507_ticlang.o</name>
      </input_file>
      <input_file id="fl-1c">
         <kind>object</kind>
         <file>&lt;internal&gt;</file>
         <name>&lt;internal&gt;</name>
      </input_file>
      <input_file id="fl-28">
         <path>/Applications/ti/ccs1240/ccs/tools/compiler/ti-cgt-armllvm_2.1.3.LTS/lib/armv6m-ti-none-eabi/c/</path>
         <kind>archive</kind>
         <file>libc.a</file>
         <name>fopen.c.obj</name>
      </input_file>
      <input_file id="fl-29">
         <path>/Applications/ti/ccs1240/ccs/tools/compiler/ti-cgt-armllvm_2.1.3.LTS/lib/armv6m-ti-none-eabi/c/</path>
         <kind>archive</kind>
         <file>libc.a</file>
         <name>setvbuf.c.obj</name>
      </input_file>
      <input_file id="fl-2a">
         <path>/Applications/ti/ccs1240/ccs/tools/compiler/ti-cgt-armllvm_2.1.3.LTS/lib/armv6m-ti-none-eabi/c/</path>
         <kind>archive</kind>
         <file>libc.a</file>
         <name>exit.c.obj</name>
      </input_file>
      <input_file id="fl-2b">
         <path>/Applications/ti/ccs1240/ccs/tools/compiler/ti-cgt-armllvm_2.1.3.LTS/lib/armv6m-ti-none-eabi/c/</path>
         <kind>archive</kind>
         <file>libc.a</file>
         <name>_lock.c.obj</name>
      </input_file>
      <input_file id="fl-2c">
         <path>/Applications/ti/ccs1240/ccs/tools/compiler/ti-cgt-armllvm_2.1.3.LTS/lib/armv6m-ti-none-eabi/c/</path>
         <kind>archive</kind>
         <file>libc.a</file>
         <name>defs.c.obj</name>
      </input_file>
      <input_file id="fl-2d">
         <path>/Applications/ti/ccs1240/ccs/tools/compiler/ti-cgt-armllvm_2.1.3.LTS/lib/armv6m-ti-none-eabi/c/</path>
         <kind>archive</kind>
         <file>libc.a</file>
         <name>memory.c.obj</name>
      </input_file>
      <input_file id="fl-2e">
         <path>/Applications/ti/ccs1240/ccs/tools/compiler/ti-cgt-armllvm_2.1.3.LTS/lib/armv6m-ti-none-eabi/c/</path>
         <kind>archive</kind>
         <file>libc.a</file>
         <name>boot_cortex_m.c.obj</name>
      </input_file>
      <input_file id="fl-2f">
         <path>/Applications/ti/ccs1240/ccs/tools/compiler/ti-cgt-armllvm_2.1.3.LTS/lib/armv6m-ti-none-eabi/c/</path>
         <kind>archive</kind>
         <file>libc.a</file>
         <name>mathacl_init.c.obj</name>
      </input_file>
      <input_file id="fl-30">
         <path>/Applications/ti/ccs1240/ccs/tools/compiler/ti-cgt-armllvm_2.1.3.LTS/lib/armv6m-ti-none-eabi/c/</path>
         <kind>archive</kind>
         <file>libc.a</file>
         <name>autoinit.c.obj</name>
      </input_file>
      <input_file id="fl-31">
         <path>/Applications/ti/ccs1240/ccs/tools/compiler/ti-cgt-armllvm_2.1.3.LTS/lib/armv6m-ti-none-eabi/c/</path>
         <kind>archive</kind>
         <file>libc.a</file>
         <name>pre_init.c.obj</name>
      </input_file>
      <input_file id="fl-32">
         <path>/Applications/ti/ccs1240/ccs/tools/compiler/ti-cgt-armllvm_2.1.3.LTS/lib/armv6m-ti-none-eabi/c/</path>
         <kind>archive</kind>
         <file>libc.a</file>
         <name>cpy_tbl.c.obj</name>
      </input_file>
      <input_file id="fl-33">
         <path>/Applications/ti/ccs1240/ccs/tools/compiler/ti-cgt-armllvm_2.1.3.LTS/lib/armv6m-ti-none-eabi/c/</path>
         <kind>archive</kind>
         <file>libc.a</file>
         <name>copy_zero_init.c.obj</name>
      </input_file>
      <input_file id="fl-34">
         <path>/Applications/ti/ccs1240/ccs/tools/compiler/ti-cgt-armllvm_2.1.3.LTS/lib/armv6m-ti-none-eabi/c/</path>
         <kind>archive</kind>
         <file>libc.a</file>
         <name>copy_decompress_none.c.obj</name>
      </input_file>
      <input_file id="fl-35">
         <path>/Applications/ti/ccs1240/ccs/tools/compiler/ti-cgt-armllvm_2.1.3.LTS/lib/armv6m-ti-none-eabi/c/</path>
         <kind>archive</kind>
         <file>libc.a</file>
         <name>copy_decompress_lzss.c.obj</name>
      </input_file>
      <input_file id="fl-36">
         <path>/Applications/ti/ccs1240/ccs/tools/compiler/ti-cgt-armllvm_2.1.3.LTS/lib/armv6m-ti-none-eabi/c/</path>
         <kind>archive</kind>
         <file>libc.a</file>
         <name>abs.c.obj</name>
      </input_file>
      <input_file id="fl-37">
         <path>/Applications/ti/ccs1240/ccs/tools/compiler/ti-cgt-armllvm_2.1.3.LTS/lib/armv6m-ti-none-eabi/c/</path>
         <kind>archive</kind>
         <file>libc.a</file>
         <name>fclose.c.obj</name>
      </input_file>
      <input_file id="fl-38">
         <path>/Applications/ti/ccs1240/ccs/tools/compiler/ti-cgt-armllvm_2.1.3.LTS/lib/armv6m-ti-none-eabi/c/</path>
         <kind>archive</kind>
         <file>libc.a</file>
         <name>fflush.c.obj</name>
      </input_file>
      <input_file id="fl-39">
         <path>/Applications/ti/ccs1240/ccs/tools/compiler/ti-cgt-armllvm_2.1.3.LTS/lib/armv6m-ti-none-eabi/c/</path>
         <kind>archive</kind>
         <file>libc.a</file>
         <name>args_main.c.obj</name>
      </input_file>
      <input_file id="fl-72">
         <path>/Applications/ti/ccs1240/ccs/tools/compiler/ti-cgt-armllvm_2.1.3.LTS/lib/armv6m-ti-none-eabi/c/</path>
         <kind>archive</kind>
         <file>libsysbm.a</file>
         <name>write.c.obj</name>
      </input_file>
      <input_file id="fl-73">
         <path>/Applications/ti/ccs1240/ccs/tools/compiler/ti-cgt-armllvm_2.1.3.LTS/lib/armv6m-ti-none-eabi/c/</path>
         <kind>archive</kind>
         <file>libsysbm.a</file>
         <name>host_device.c.obj</name>
      </input_file>
      <input_file id="fl-74">
         <path>/Applications/ti/ccs1240/ccs/tools/compiler/ti-cgt-armllvm_2.1.3.LTS/lib/armv6m-ti-none-eabi/c/</path>
         <kind>archive</kind>
         <file>libsysbm.a</file>
         <name>remove.c.obj</name>
      </input_file>
      <input_file id="fl-75">
         <path>/Applications/ti/ccs1240/ccs/tools/compiler/ti-cgt-armllvm_2.1.3.LTS/lib/armv6m-ti-none-eabi/c/</path>
         <kind>archive</kind>
         <file>libsysbm.a</file>
         <name>open.c.obj</name>
      </input_file>
      <input_file id="fl-76">
         <path>/Applications/ti/ccs1240/ccs/tools/compiler/ti-cgt-armllvm_2.1.3.LTS/lib/armv6m-ti-none-eabi/c/</path>
         <kind>archive</kind>
         <file>libsysbm.a</file>
         <name>close.c.obj</name>
      </input_file>
      <input_file id="fl-77">
         <path>/Applications/ti/ccs1240/ccs/tools/compiler/ti-cgt-armllvm_2.1.3.LTS/lib/armv6m-ti-none-eabi/c/</path>
         <kind>archive</kind>
         <file>libsysbm.a</file>
         <name>add_device.c.obj</name>
      </input_file>
      <input_file id="fl-78">
         <path>/Applications/ti/ccs1240/ccs/tools/compiler/ti-cgt-armllvm_2.1.3.LTS/lib/armv6m-ti-none-eabi/c/</path>
         <kind>archive</kind>
         <file>libsysbm.a</file>
         <name>unlink.c.obj</name>
      </input_file>
      <input_file id="fl-79">
         <path>/Applications/ti/ccs1240/ccs/tools/compiler/ti-cgt-armllvm_2.1.3.LTS/lib/armv6m-ti-none-eabi/c/</path>
         <kind>archive</kind>
         <file>libsysbm.a</file>
         <name>hostclose.c.obj</name>
      </input_file>
      <input_file id="fl-7a">
         <path>/Applications/ti/ccs1240/ccs/tools/compiler/ti-cgt-armllvm_2.1.3.LTS/lib/armv6m-ti-none-eabi/c/</path>
         <kind>archive</kind>
         <file>libsysbm.a</file>
         <name>hostlseek.c.obj</name>
      </input_file>
      <input_file id="fl-7b">
         <path>/Applications/ti/ccs1240/ccs/tools/compiler/ti-cgt-armllvm_2.1.3.LTS/lib/armv6m-ti-none-eabi/c/</path>
         <kind>archive</kind>
         <file>libsysbm.a</file>
         <name>hostopen.c.obj</name>
      </input_file>
      <input_file id="fl-7c">
         <path>/Applications/ti/ccs1240/ccs/tools/compiler/ti-cgt-armllvm_2.1.3.LTS/lib/armv6m-ti-none-eabi/c/</path>
         <kind>archive</kind>
         <file>libsysbm.a</file>
         <name>hostread.c.obj</name>
      </input_file>
      <input_file id="fl-7d">
         <path>/Applications/ti/ccs1240/ccs/tools/compiler/ti-cgt-armllvm_2.1.3.LTS/lib/armv6m-ti-none-eabi/c/</path>
         <kind>archive</kind>
         <file>libsysbm.a</file>
         <name>hostrename.c.obj</name>
      </input_file>
      <input_file id="fl-7e">
         <path>/Applications/ti/ccs1240/ccs/tools/compiler/ti-cgt-armllvm_2.1.3.LTS/lib/armv6m-ti-none-eabi/c/</path>
         <kind>archive</kind>
         <file>libsysbm.a</file>
         <name>hostunlink.c.obj</name>
      </input_file>
      <input_file id="fl-7f">
         <path>/Applications/ti/ccs1240/ccs/tools/compiler/ti-cgt-armllvm_2.1.3.LTS/lib/armv6m-ti-none-eabi/c/</path>
         <kind>archive</kind>
         <file>libsysbm.a</file>
         <name>hostwrite.c.obj</name>
      </input_file>
      <input_file id="fl-80">
         <path>/Applications/ti/ccs1240/ccs/tools/compiler/ti-cgt-armllvm_2.1.3.LTS/lib/armv6m-ti-none-eabi/c/</path>
         <kind>archive</kind>
         <file>libsysbm.a</file>
         <name>trgmsg.c.obj</name>
      </input_file>
      <input_file id="fl-81">
         <path>/Applications/ti/ccs1240/ccs/tools/compiler/ti-cgt-armllvm_2.1.3.LTS/lib/clang/14.0.6/lib/armv6m-ti-none-eabi/</path>
         <kind>archive</kind>
         <file>libclang_rt.builtins.a</file>
         <name>adddf3.S.obj</name>
      </input_file>
      <input_file id="fl-82">
         <path>/Applications/ti/ccs1240/ccs/tools/compiler/ti-cgt-armllvm_2.1.3.LTS/lib/clang/14.0.6/lib/armv6m-ti-none-eabi/</path>
         <kind>archive</kind>
         <file>libclang_rt.builtins.a</file>
         <name>muldf3.S.obj</name>
      </input_file>
      <input_file id="fl-83">
         <path>/Applications/ti/ccs1240/ccs/tools/compiler/ti-cgt-armllvm_2.1.3.LTS/lib/clang/14.0.6/lib/armv6m-ti-none-eabi/</path>
         <kind>archive</kind>
         <file>libclang_rt.builtins.a</file>
         <name>muldsi3.S.obj</name>
      </input_file>
      <input_file id="fl-84">
         <path>/Applications/ti/ccs1240/ccs/tools/compiler/ti-cgt-armllvm_2.1.3.LTS/lib/clang/14.0.6/lib/armv6m-ti-none-eabi/</path>
         <kind>archive</kind>
         <file>libclang_rt.builtins.a</file>
         <name>fixdfsi.S.obj</name>
      </input_file>
      <input_file id="fl-85">
         <path>/Applications/ti/ccs1240/ccs/tools/compiler/ti-cgt-armllvm_2.1.3.LTS/lib/clang/14.0.6/lib/armv6m-ti-none-eabi/</path>
         <kind>archive</kind>
         <file>libclang_rt.builtins.a</file>
         <name>floatsidf.S.obj</name>
      </input_file>
      <input_file id="fl-86">
         <path>/Applications/ti/ccs1240/ccs/tools/compiler/ti-cgt-armllvm_2.1.3.LTS/lib/clang/14.0.6/lib/armv6m-ti-none-eabi/</path>
         <kind>archive</kind>
         <file>libclang_rt.builtins.a</file>
         <name>floatunsidf.S.obj</name>
      </input_file>
      <input_file id="fl-87">
         <path>/Applications/ti/ccs1240/ccs/tools/compiler/ti-cgt-armllvm_2.1.3.LTS/lib/clang/14.0.6/lib/armv6m-ti-none-eabi/</path>
         <kind>archive</kind>
         <file>libclang_rt.builtins.a</file>
         <name>truncdfsf2.S.obj</name>
      </input_file>
      <input_file id="fl-88">
         <path>/Applications/ti/ccs1240/ccs/tools/compiler/ti-cgt-armllvm_2.1.3.LTS/lib/clang/14.0.6/lib/armv6m-ti-none-eabi/</path>
         <kind>archive</kind>
         <file>libclang_rt.builtins.a</file>
         <name>aeabi_idivmod.S.obj</name>
      </input_file>
      <input_file id="fl-89">
         <path>/Applications/ti/ccs1240/ccs/tools/compiler/ti-cgt-armllvm_2.1.3.LTS/lib/clang/14.0.6/lib/armv6m-ti-none-eabi/</path>
         <kind>archive</kind>
         <file>libclang_rt.builtins.a</file>
         <name>aeabi_memcpy.S.obj</name>
      </input_file>
      <input_file id="fl-8a">
         <path>/Applications/ti/ccs1240/ccs/tools/compiler/ti-cgt-armllvm_2.1.3.LTS/lib/clang/14.0.6/lib/armv6m-ti-none-eabi/</path>
         <kind>archive</kind>
         <file>libclang_rt.builtins.a</file>
         <name>aeabi_memset.S.obj</name>
      </input_file>
      <input_file id="fl-8b">
         <path>/Applications/ti/ccs1240/ccs/tools/compiler/ti-cgt-armllvm_2.1.3.LTS/lib/clang/14.0.6/lib/armv6m-ti-none-eabi/</path>
         <kind>archive</kind>
         <file>libclang_rt.builtins.a</file>
         <name>aeabi_uidivmod.S.obj</name>
      </input_file>
      <input_file id="fl-8c">
         <path>/Applications/ti/ccs1240/ccs/tools/compiler/ti-cgt-armllvm_2.1.3.LTS/lib/clang/14.0.6/lib/armv6m-ti-none-eabi/</path>
         <kind>archive</kind>
         <file>libclang_rt.builtins.a</file>
         <name>aeabi_div0.c.obj</name>
      </input_file>
      <input_file id="fl-8d">
         <path>/Applications/ti/ccs1240/ccs/tools/compiler/ti-cgt-armllvm_2.1.3.LTS/lib/armv6m-ti-none-eabi/c/</path>
         <kind>archive</kind>
         <file>libc.a</file>
         <name>getdevice.c.obj</name>
      </input_file>
      <input_file id="fl-8e">
         <path>/Applications/ti/ccs1240/ccs/tools/compiler/ti-cgt-armllvm_2.1.3.LTS/lib/armv6m-ti-none-eabi/c/</path>
         <kind>archive</kind>
         <file>libc.a</file>
         <name>memcpy16.S.obj</name>
      </input_file>
      <input_file id="fl-8f">
         <path>/Applications/ti/ccs1240/ccs/tools/compiler/ti-cgt-armllvm_2.1.3.LTS/lib/armv6m-ti-none-eabi/c/</path>
         <kind>archive</kind>
         <file>libc.a</file>
         <name>memset16.S.obj</name>
      </input_file>
   </input_file_list>
   <object_component_list>
      <object_component id="oc-18">
         <name>.intvecs</name>
         <load_address>0x0</load_address>
         <run_address>0x0</run_address>
         <size>0xc0</size>
         <input_file_ref idref="fl-10"/>
      </object_component>
      <object_component id="oc-94">
         <name>.text.main</name>
         <load_address>0x13070</load_address>
         <run_address>0x13070</run_address>
         <size>0x1e8c</size>
         <input_file_ref idref="fl-5"/>
      </object_component>
      <object_component id="oc-38">
         <name>.text.TIMG12_IRQHandler</name>
         <load_address>0x14efc</load_address>
         <run_address>0x14efc</run_address>
         <size>0x2d0</size>
         <input_file_ref idref="fl-5"/>
      </object_component>
      <object_component id="oc-f6">
         <name>.text.ST7735_DrawBitmap</name>
         <load_address>0x151cc</load_address>
         <run_address>0x151cc</run_address>
         <size>0x210</size>
         <input_file_ref idref="fl-8"/>
      </object_component>
      <object_component id="oc-b8">
         <name>.text.Clock_Init80MHz</name>
         <load_address>0x153dc</load_address>
         <run_address>0x153dc</run_address>
         <size>0x1b4</size>
         <input_file_ref idref="fl-2"/>
      </object_component>
      <object_component id="oc-d4">
         <name>.text.ST7735_DrawChar</name>
         <load_address>0x15590</load_address>
         <run_address>0x15590</run_address>
         <size>0x1a4</size>
         <input_file_ref idref="fl-8"/>
      </object_component>
      <object_component id="oc-182">
         <name>.text.ST7735_DrawCharS</name>
         <load_address>0x15734</load_address>
         <run_address>0x15734</run_address>
         <size>0x1a0</size>
         <input_file_ref idref="fl-8"/>
      </object_component>
      <object_component id="oc-108">
         <name>.text</name>
         <load_address>0x158d4</load_address>
         <run_address>0x158d4</run_address>
         <size>0x192</size>
         <input_file_ref idref="fl-81"/>
      </object_component>
      <object_component id="oc-16e">
         <name>.text.__aeabi_idiv0</name>
         <load_address>0x15a66</load_address>
         <run_address>0x15a66</run_address>
         <size>0x2</size>
         <input_file_ref idref="fl-8c"/>
      </object_component>
      <object_component id="oc-15e">
         <name>.text.ST7735_FillRect</name>
         <load_address>0x15a68</load_address>
         <run_address>0x15a68</run_address>
         <size>0x118</size>
         <input_file_ref idref="fl-8"/>
      </object_component>
      <object_component id="oc-192">
         <name>.text.SPI_Init</name>
         <load_address>0x15b80</load_address>
         <run_address>0x15b80</run_address>
         <size>0xf8</size>
         <input_file_ref idref="fl-7"/>
      </object_component>
      <object_component id="oc-10c">
         <name>.text</name>
         <load_address>0x15c78</load_address>
         <run_address>0x15c78</run_address>
         <size>0xe4</size>
         <input_file_ref idref="fl-82"/>
      </object_component>
      <object_component id="oc-16d">
         <name>.text.ST7735_OutChar</name>
         <load_address>0x15d5c</load_address>
         <run_address>0x15d5c</run_address>
         <size>0xd0</size>
         <input_file_ref idref="fl-8"/>
      </object_component>
      <object_component id="oc-11a">
         <name>.text.ST7735_DrawFastVLine</name>
         <load_address>0x15e2c</load_address>
         <run_address>0x15e2c</run_address>
         <size>0xb0</size>
         <input_file_ref idref="fl-8"/>
      </object_component>
      <object_component id="oc-14d">
         <name>.text.commandList</name>
         <load_address>0x15edc</load_address>
         <run_address>0x15edc</run_address>
         <size>0xa2</size>
         <input_file_ref idref="fl-8"/>
      </object_component>
      <object_component id="oc-c2">
         <name>.text.ST7735_InitR</name>
         <load_address>0x15f80</load_address>
         <run_address>0x15f80</run_address>
         <size>0x98</size>
         <input_file_ref idref="fl-8"/>
      </object_component>
      <object_component id="oc-cf">
         <name>.text.TimerG12_IntArm</name>
         <load_address>0x16018</load_address>
         <run_address>0x16018</run_address>
         <size>0x94</size>
         <input_file_ref idref="fl-d"/>
      </object_component>
      <object_component id="oc-168">
         <name>.text.setAddrWindow</name>
         <load_address>0x160ac</load_address>
         <run_address>0x160ac</run_address>
         <size>0x88</size>
         <input_file_ref idref="fl-8"/>
      </object_component>
      <object_component id="oc-181">
         <name>.text.ST7735_DrawString</name>
         <load_address>0x16134</load_address>
         <run_address>0x16134</run_address>
         <size>0x84</size>
         <input_file_ref idref="fl-8"/>
      </object_component>
      <object_component id="oc-123">
         <name>.text.ST7735_OutUDec</name>
         <load_address>0x161b8</load_address>
         <run_address>0x161b8</run_address>
         <size>0x84</size>
         <input_file_ref idref="fl-8"/>
      </object_component>
      <object_component id="oc-bd">
         <name>.text.LaunchPad_Init</name>
         <load_address>0x1623c</load_address>
         <run_address>0x1623c</run_address>
         <size>0x7c</size>
         <input_file_ref idref="fl-6"/>
      </object_component>
      <object_component id="oc-cd">
         <name>.text.ADCinit</name>
         <load_address>0x162b8</load_address>
         <run_address>0x162b8</run_address>
         <size>0x78</size>
         <input_file_ref idref="fl-1"/>
      </object_component>
      <object_component id="oc-19a">
         <name>.text.ST7735_DrawPixel</name>
         <load_address>0x16330</load_address>
         <run_address>0x16330</run_address>
         <size>0x70</size>
         <input_file_ref idref="fl-8"/>
      </object_component>
      <object_component id="oc-1c">
         <name>.text:decompress:lzss</name>
         <load_address>0x163a0</load_address>
         <run_address>0x163a0</run_address>
         <size>0x68</size>
         <input_file_ref idref="fl-35"/>
      </object_component>
      <object_component id="oc-e6">
         <name>.text</name>
         <load_address>0x16408</load_address>
         <run_address>0x16408</run_address>
         <size>0x56</size>
         <input_file_ref idref="fl-88"/>
      </object_component>
      <object_component id="oc-180">
         <name>.text.fillmessage</name>
         <load_address>0x16460</load_address>
         <run_address>0x16460</run_address>
         <size>0x54</size>
         <input_file_ref idref="fl-8"/>
      </object_component>
      <object_component id="oc-110">
         <name>.text</name>
         <load_address>0x164b4</load_address>
         <run_address>0x164b4</run_address>
         <size>0x4a</size>
         <input_file_ref idref="fl-84"/>
      </object_component>
      <object_component id="oc-14e">
         <name>.text.SPI_OutCommand</name>
         <load_address>0x16500</load_address>
         <run_address>0x16500</run_address>
         <size>0x48</size>
         <input_file_ref idref="fl-7"/>
      </object_component>
      <object_component id="oc-72">
         <name>.text.ADCin</name>
         <load_address>0x16548</load_address>
         <run_address>0x16548</run_address>
         <size>0x44</size>
         <input_file_ref idref="fl-1"/>
      </object_component>
      <object_component id="oc-2e">
         <name>.text.SysTick_Handler</name>
         <load_address>0x1658c</load_address>
         <run_address>0x1658c</run_address>
         <size>0x44</size>
         <input_file_ref idref="fl-a"/>
      </object_component>
      <object_component id="oc-164">
         <name>.text.SysTick_IntArm</name>
         <load_address>0x165d0</load_address>
         <run_address>0x165d0</run_address>
         <size>0x44</size>
         <input_file_ref idref="fl-a"/>
      </object_component>
      <object_component id="oc-1a5">
         <name>.text.SPI_Reset</name>
         <load_address>0x16614</load_address>
         <run_address>0x16614</run_address>
         <size>0x40</size>
         <input_file_ref idref="fl-7"/>
      </object_component>
      <object_component id="oc-77">
         <name>.text.Sound_Start</name>
         <load_address>0x16654</load_address>
         <run_address>0x16654</run_address>
         <size>0x40</size>
         <input_file_ref idref="fl-a"/>
      </object_component>
      <object_component id="oc-33">
         <name>.text.TIMG7_IRQHandler</name>
         <load_address>0x16694</load_address>
         <run_address>0x16694</run_address>
         <size>0x40</size>
         <input_file_ref idref="fl-c"/>
      </object_component>
      <object_component id="oc-114">
         <name>.text</name>
         <load_address>0x166d4</load_address>
         <run_address>0x166d4</run_address>
         <size>0x40</size>
         <input_file_ref idref="fl-8b"/>
      </object_component>
      <object_component id="oc-165">
         <name>.text.DAC5_Init</name>
         <load_address>0x16714</load_address>
         <run_address>0x16714</run_address>
         <size>0x3c</size>
         <input_file_ref idref="fl-3"/>
      </object_component>
      <object_component id="oc-12d">
         <name>.text:__TI_auto_init_nobinit_nopinit</name>
         <load_address>0x16750</load_address>
         <run_address>0x16750</run_address>
         <size>0x3c</size>
         <input_file_ref idref="fl-30"/>
      </object_component>
      <object_component id="oc-179">
         <name>.text</name>
         <load_address>0x1678c</load_address>
         <run_address>0x1678c</run_address>
         <size>0x3a</size>
         <input_file_ref idref="fl-83"/>
      </object_component>
      <object_component id="oc-149">
         <name>.text.ActivatePortA_B</name>
         <load_address>0x167c8</load_address>
         <run_address>0x167c8</run_address>
         <size>0x38</size>
         <input_file_ref idref="fl-6"/>
      </object_component>
      <object_component id="oc-153">
         <name>.text.SPI_OutData</name>
         <load_address>0x16800</load_address>
         <run_address>0x16800</run_address>
         <size>0x38</size>
         <input_file_ref idref="fl-7"/>
      </object_component>
      <object_component id="oc-120">
         <name>.text.Clock_Delay1ms</name>
         <load_address>0x16838</load_address>
         <run_address>0x16838</run_address>
         <size>0x34</size>
         <input_file_ref idref="fl-2"/>
      </object_component>
      <object_component id="oc-d5">
         <name>.text.ST7735_SetCursor</name>
         <load_address>0x1686c</load_address>
         <run_address>0x1686c</run_address>
         <size>0x34</size>
         <input_file_ref idref="fl-8"/>
      </object_component>
      <object_component id="oc-11b">
         <name>.text.ST7735_Color565</name>
         <load_address>0x168a0</load_address>
         <run_address>0x168a0</run_address>
         <size>0x32</size>
         <input_file_ref idref="fl-8"/>
      </object_component>
      <object_component id="oc-14c">
         <name>.text.commonInit</name>
         <load_address>0x168d4</load_address>
         <run_address>0x168d4</run_address>
         <size>0x30</size>
         <input_file_ref idref="fl-8"/>
      </object_component>
      <object_component id="oc-c7">
         <name>.text.ST7735_FillScreen</name>
         <load_address>0x16904</load_address>
         <run_address>0x16904</run_address>
         <size>0x2c</size>
         <input_file_ref idref="fl-8"/>
      </object_component>
      <object_component id="oc-104">
         <name>.text</name>
         <load_address>0x16930</load_address>
         <run_address>0x16930</run_address>
         <size>0x2c</size>
         <input_file_ref idref="fl-85"/>
      </object_component>
      <object_component id="oc-58">
         <name>.text:_c_int00_noargs</name>
         <load_address>0x1695c</load_address>
         <run_address>0x1695c</run_address>
         <size>0x28</size>
         <input_file_ref idref="fl-2e"/>
      </object_component>
      <object_component id="oc-d6">
         <name>.text.ST7735_OutString</name>
         <load_address>0x16984</load_address>
         <run_address>0x16984</run_address>
         <size>0x26</size>
         <input_file_ref idref="fl-8"/>
      </object_component>
      <object_component id="oc-11c">
         <name>.text.ADCConvert</name>
         <load_address>0x169ac</load_address>
         <run_address>0x169ac</run_address>
         <size>0x24</size>
         <input_file_ref idref="fl-5"/>
      </object_component>
      <object_component id="oc-ce">
         <name>.text.Sound_Init</name>
         <load_address>0x169d0</load_address>
         <run_address>0x169d0</run_address>
         <size>0x20</size>
         <input_file_ref idref="fl-a"/>
      </object_component>
      <object_component id="oc-169">
         <name>.text.pushColor</name>
         <load_address>0x169f0</load_address>
         <run_address>0x169f0</run_address>
         <size>0x1e</size>
         <input_file_ref idref="fl-8"/>
      </object_component>
      <object_component id="oc-64">
         <name>.text.DAC5_Out</name>
         <load_address>0x16a10</load_address>
         <run_address>0x16a10</run_address>
         <size>0x1c</size>
         <input_file_ref idref="fl-3"/>
      </object_component>
      <object_component id="oc-ee">
         <name>.text.LaunchPad_InS2</name>
         <load_address>0x16a2c</load_address>
         <run_address>0x16a2c</run_address>
         <size>0x1c</size>
         <input_file_ref idref="fl-6"/>
      </object_component>
      <object_component id="oc-8c">
         <name>.text</name>
         <load_address>0x16a48</load_address>
         <run_address>0x16a48</run_address>
         <size>0x1c</size>
         <input_file_ref idref="fl-8a"/>
      </object_component>
      <object_component id="oc-c8">
         <name>.text.Switch_Init</name>
         <load_address>0x16a64</load_address>
         <run_address>0x16a64</run_address>
         <size>0x18</size>
         <input_file_ref idref="fl-b"/>
      </object_component>
      <object_component id="oc-122">
         <name>.text.ST7735_SetTextColor</name>
         <load_address>0x16a7c</load_address>
         <run_address>0x16a7c</run_address>
         <size>0x14</size>
         <input_file_ref idref="fl-8"/>
      </object_component>
      <object_component id="oc-ae">
         <name>.text:TI_memcpy_small</name>
         <load_address>0x16a90</load_address>
         <run_address>0x16a90</run_address>
         <size>0x12</size>
         <input_file_ref idref="fl-8e"/>
      </object_component>
      <object_component id="oc-20">
         <name>.text:decompress:none</name>
         <load_address>0x16aa2</load_address>
         <run_address>0x16aa2</run_address>
         <size>0x12</size>
         <input_file_ref idref="fl-34"/>
      </object_component>
      <object_component id="oc-163">
         <name>.text.Clock_Delay</name>
         <load_address>0x16ab4</load_address>
         <run_address>0x16ab4</run_address>
         <size>0x10</size>
         <input_file_ref idref="fl-2"/>
      </object_component>
      <object_component id="oc-55">
         <name>.text:decompress:ZI</name>
         <load_address>0x16ac4</load_address>
         <run_address>0x16ac4</run_address>
         <size>0x10</size>
         <input_file_ref idref="fl-33"/>
      </object_component>
      <object_component id="oc-140">
         <name>.text:TI_memset_small</name>
         <load_address>0x16ad4</load_address>
         <run_address>0x16ad4</run_address>
         <size>0xe</size>
         <input_file_ref idref="fl-8f"/>
      </object_component>
      <object_component id="oc-1a4">
         <name>.text.Clock_Freq</name>
         <load_address>0x16ae4</load_address>
         <run_address>0x16ae4</run_address>
         <size>0xc</size>
         <input_file_ref idref="fl-2"/>
      </object_component>
      <object_component id="oc-ea">
         <name>.text.abs</name>
         <load_address>0x16af0</load_address>
         <run_address>0x16af0</run_address>
         <size>0x8</size>
         <input_file_ref idref="fl-36"/>
      </object_component>
      <object_component id="oc-48">
         <name>.text</name>
         <load_address>0x16af8</load_address>
         <run_address>0x16af8</run_address>
         <size>0x8</size>
         <input_file_ref idref="fl-89"/>
      </object_component>
      <object_component id="oc-2c">
         <name>.text.Default_Handler</name>
         <load_address>0x16b00</load_address>
         <run_address>0x16b00</run_address>
         <size>0x4</size>
         <input_file_ref idref="fl-10"/>
      </object_component>
      <object_component id="oc-2d">
         <name>.text.HardFault_Handler</name>
         <load_address>0x16b04</load_address>
         <run_address>0x16b04</run_address>
         <size>0x4</size>
         <input_file_ref idref="fl-10"/>
      </object_component>
      <object_component id="oc-28">
         <name>.text.Reset_Handler</name>
         <load_address>0x16b08</load_address>
         <run_address>0x16b08</run_address>
         <size>0x4</size>
         <input_file_ref idref="fl-10"/>
      </object_component>
      <object_component id="oc-90">
         <name>.text._system_pre_init</name>
         <load_address>0x16b0c</load_address>
         <run_address>0x16b0c</run_address>
         <size>0x4</size>
         <input_file_ref idref="fl-31"/>
      </object_component>
      <object_component id="oc-126">
         <name>.text:abort</name>
         <load_address>0x16b10</load_address>
         <run_address>0x16b10</run_address>
         <size>0x4</size>
         <input_file_ref idref="fl-2a"/>
      </object_component>
      <object_component id="oc-1e1">
         <name>.cinit..data.load</name>
         <load_address>0x16b18</load_address>
         <run_address>0x16b18</run_address>
         <size>0x2f</size>
      </object_component>
      <object_component id="oc-1df">
         <name>__TI_handler_table</name>
         <load_address>0x16b48</load_address>
         <run_address>0x16b48</run_address>
         <size>0xc</size>
      </object_component>
      <object_component id="oc-1e2">
         <name>.cinit..bss.load</name>
         <load_address>0x16b54</load_address>
         <run_address>0x16b54</run_address>
         <size>0x8</size>
      </object_component>
      <object_component id="oc-1e0">
         <name>__TI_cinit_table</name>
         <load_address>0x16b5c</load_address>
         <run_address>0x16b5c</run_address>
         <size>0x10</size>
      </object_component>
      <object_component id="oc-fe">
         <name>.rodata.unnamed</name>
         <load_address>0xc0</load_address>
         <run_address>0xc0</run_address>
         <size>0xa000</size>
         <input_file_ref idref="fl-5"/>
      </object_component>
      <object_component id="oc-83">
         <name>.rodata.walking2</name>
         <load_address>0xa0c0</load_address>
         <run_address>0xa0c0</run_address>
         <size>0x3a80</size>
         <input_file_ref idref="fl-f"/>
      </object_component>
      <object_component id="oc-fd">
         <name>.rodata.scream</name>
         <load_address>0xdb40</load_address>
         <run_address>0xdb40</run_address>
         <size>0x1db6</size>
         <input_file_ref idref="fl-f"/>
      </object_component>
      <object_component id="oc-11f">
         <name>.rodata.handlight</name>
         <load_address>0xf8f6</load_address>
         <run_address>0xf8f6</run_address>
         <size>0x1184</size>
         <input_file_ref idref="fl-5"/>
      </object_component>
      <object_component id="oc-de">
         <name>.rodata.worldMap0</name>
         <load_address>0x10a7a</load_address>
         <run_address>0x10a7a</run_address>
         <size>0x5ed</size>
         <input_file_ref idref="fl-5"/>
      </object_component>
      <object_component id="oc-f2">
         <name>.rodata.worldMap1</name>
         <load_address>0x11067</load_address>
         <run_address>0x11067</run_address>
         <size>0x5ed</size>
         <input_file_ref idref="fl-5"/>
      </object_component>
      <object_component id="oc-f7">
         <name>.rodata.worldMap2</name>
         <load_address>0x11654</load_address>
         <run_address>0x11654</run_address>
         <size>0x5ed</size>
         <input_file_ref idref="fl-5"/>
      </object_component>
      <object_component id="oc-16a">
         <name>.rodata.Font</name>
         <load_address>0x11c41</load_address>
         <run_address>0x11c41</run_address>
         <size>0x4fb</size>
         <input_file_ref idref="fl-8"/>
      </object_component>
      <object_component id="oc-a3">
         <name>.rodata.biggestheart</name>
         <load_address>0x1213c</load_address>
         <run_address>0x1213c</run_address>
         <size>0x1a4</size>
         <input_file_ref idref="fl-5"/>
      </object_component>
      <object_component id="oc-a4">
         <name>.rodata.bigheart</name>
         <load_address>0x122e0</load_address>
         <run_address>0x122e0</run_address>
         <size>0x1a4</size>
         <input_file_ref idref="fl-5"/>
      </object_component>
      <object_component id="oc-a6">
         <name>.rodata.smallestheart</name>
         <load_address>0x12484</load_address>
         <run_address>0x12484</run_address>
         <size>0x1a4</size>
         <input_file_ref idref="fl-5"/>
      </object_component>
      <object_component id="oc-a5">
         <name>.rodata.smallheart</name>
         <load_address>0x12628</load_address>
         <run_address>0x12628</run_address>
         <size>0x1a4</size>
         <input_file_ref idref="fl-5"/>
      </object_component>
      <object_component id="oc-a9">
         <name>.rodata.warningdark</name>
         <load_address>0x127cc</load_address>
         <run_address>0x127cc</run_address>
         <size>0x1a4</size>
         <input_file_ref idref="fl-5"/>
      </object_component>
      <object_component id="oc-aa">
         <name>.rodata.warningdarkest</name>
         <load_address>0x12970</load_address>
         <run_address>0x12970</run_address>
         <size>0x1a4</size>
         <input_file_ref idref="fl-5"/>
      </object_component>
      <object_component id="oc-a7">
         <name>.rodata.warningmostopaque</name>
         <load_address>0x12b14</load_address>
         <run_address>0x12b14</run_address>
         <size>0x1a4</size>
         <input_file_ref idref="fl-5"/>
      </object_component>
      <object_component id="oc-a8">
         <name>.rodata.warningopaque</name>
         <load_address>0x12cb8</load_address>
         <run_address>0x12cb8</run_address>
         <size>0x1a4</size>
         <input_file_ref idref="fl-5"/>
      </object_component>
      <object_component id="oc-e5">
         <name>.rodata.str1.1</name>
         <load_address>0x12e5c</load_address>
         <run_address>0x12e5c</run_address>
         <size>0xd3</size>
         <input_file_ref idref="fl-5"/>
      </object_component>
      <object_component id="oc-7e">
         <name>.rodata.Heart</name>
         <load_address>0x12f30</load_address>
         <run_address>0x12f30</run_address>
         <size>0x48</size>
         <input_file_ref idref="fl-5"/>
      </object_component>
      <object_component id="oc-80">
         <name>.rodata.Warning</name>
         <load_address>0x12f78</load_address>
         <run_address>0x12f78</run_address>
         <size>0x48</size>
         <input_file_ref idref="fl-5"/>
      </object_component>
      <object_component id="oc-154">
         <name>.rodata.Rcmd1</name>
         <load_address>0x12fc0</load_address>
         <run_address>0x12fc0</run_address>
         <size>0x3b</size>
         <input_file_ref idref="fl-8"/>
      </object_component>
      <object_component id="oc-195">
         <name>.rodata.str1.1</name>
         <load_address>0x12ffb</load_address>
         <run_address>0x12ffb</run_address>
         <size>0x2e</size>
         <input_file_ref idref="fl-8"/>
      </object_component>
      <object_component id="oc-159">
         <name>.rodata.Rcmd3</name>
         <load_address>0x13029</load_address>
         <run_address>0x13029</run_address>
         <size>0x2b</size>
         <input_file_ref idref="fl-8"/>
      </object_component>
      <object_component id="oc-156">
         <name>.rodata.Rcmd2green</name>
         <load_address>0x13054</load_address>
         <run_address>0x13054</run_address>
         <size>0xd</size>
         <input_file_ref idref="fl-8"/>
      </object_component>
      <object_component id="oc-155">
         <name>.rodata.Rcmd2red</name>
         <load_address>0x13061</load_address>
         <run_address>0x13061</run_address>
         <size>0xd</size>
         <input_file_ref idref="fl-8"/>
      </object_component>
      <object_component id="oc-1ac">
         <name>.binit</name>
         <load_address>0x0</load_address>
         <run_address>0x0</run_address>
         <size>0x0</size>
      </object_component>
      <object_component id="oc-146">
         <name>.data.BusFreq</name>
         <load_address>0x20202968</load_address>
         <run_address>0x20202968</run_address>
         <size>0x4</size>
         <input_file_ref idref="fl-2"/>
      </object_component>
      <object_component id="oc-119">
         <name>.data.armHeight</name>
         <load_address>0x2020298a</load_address>
         <run_address>0x2020298a</run_address>
         <size>0x1</size>
         <input_file_ref idref="fl-5"/>
      </object_component>
      <object_component id="oc-7c">
         <name>.data.handShift</name>
         <load_address>0x20202993</load_address>
         <run_address>0x20202993</run_address>
         <size>0x1</size>
         <input_file_ref idref="fl-5"/>
      </object_component>
      <object_component id="oc-78">
         <name>.data.gameFlag</name>
         <load_address>0x20202992</load_address>
         <run_address>0x20202992</run_address>
         <size>0x1</size>
         <input_file_ref idref="fl-5"/>
      </object_component>
      <object_component id="oc-85">
         <name>.data.drawFlag</name>
         <load_address>0x2020298b</load_address>
         <run_address>0x2020298b</run_address>
         <size>0x1</size>
         <input_file_ref idref="fl-5"/>
      </object_component>
      <object_component id="oc-82">
         <name>.data.soundEnFlag</name>
         <load_address>0x2020299b</load_address>
         <run_address>0x2020299b</run_address>
         <size>0x1</size>
         <input_file_ref idref="fl-5"/>
      </object_component>
      <object_component id="oc-121">
         <name>.data.moveSpeed</name>
         <load_address>0x2020297c</load_address>
         <run_address>0x2020297c</run_address>
         <size>0x4</size>
         <input_file_ref idref="fl-5"/>
      </object_component>
      <object_component id="oc-7a">
         <name>.data.adcSamp</name>
         <load_address>0x20202974</load_address>
         <run_address>0x20202974</run_address>
         <size>0x4</size>
         <input_file_ref idref="fl-5"/>
      </object_component>
      <object_component id="oc-124">
         <name>.data.rotInp</name>
         <load_address>0x20202980</load_address>
         <run_address>0x20202980</run_address>
         <size>0x4</size>
         <input_file_ref idref="fl-5"/>
      </object_component>
      <object_component id="oc-79">
         <name>.data.gameTimer</name>
         <load_address>0x20202978</load_address>
         <run_address>0x20202978</run_address>
         <size>0x4</size>
         <input_file_ref idref="fl-5"/>
      </object_component>
      <object_component id="oc-7d">
         <name>.data.i</name>
         <load_address>0x20202995</load_address>
         <run_address>0x20202995</run_address>
         <size>0x1</size>
         <input_file_ref idref="fl-5"/>
      </object_component>
      <object_component id="oc-f3">
         <name>.data.heartx</name>
         <load_address>0x20202994</load_address>
         <run_address>0x20202994</run_address>
         <size>0x1</size>
         <input_file_ref idref="fl-5"/>
      </object_component>
      <object_component id="oc-fb">
         <name>.data.warningx</name>
         <load_address>0x2020299c</load_address>
         <run_address>0x2020299c</run_address>
         <size>0x1</size>
         <input_file_ref idref="fl-5"/>
      </object_component>
      <object_component id="oc-fc">
         <name>.data.noScares</name>
         <load_address>0x20202996</load_address>
         <run_address>0x20202996</run_address>
         <size>0x1</size>
         <input_file_ref idref="fl-5"/>
      </object_component>
      <object_component id="oc-ef">
         <name>.data.exit1_X</name>
         <load_address>0x2020298c</load_address>
         <run_address>0x2020298c</run_address>
         <size>0x1</size>
         <input_file_ref idref="fl-5"/>
      </object_component>
      <object_component id="oc-f0">
         <name>.data.exit1_Y</name>
         <load_address>0x2020298d</load_address>
         <run_address>0x2020298d</run_address>
         <size>0x1</size>
         <input_file_ref idref="fl-5"/>
      </object_component>
      <object_component id="oc-f4">
         <name>.data.exit2_X</name>
         <load_address>0x2020298e</load_address>
         <run_address>0x2020298e</run_address>
         <size>0x1</size>
         <input_file_ref idref="fl-5"/>
      </object_component>
      <object_component id="oc-f5">
         <name>.data.exit2_Y</name>
         <load_address>0x2020298f</load_address>
         <run_address>0x2020298f</run_address>
         <size>0x1</size>
         <input_file_ref idref="fl-5"/>
      </object_component>
      <object_component id="oc-f8">
         <name>.data.scare2X</name>
         <load_address>0x20202997</load_address>
         <run_address>0x20202997</run_address>
         <size>0x1</size>
         <input_file_ref idref="fl-5"/>
      </object_component>
      <object_component id="oc-f9">
         <name>.data.scare2Y</name>
         <load_address>0x20202998</load_address>
         <run_address>0x20202998</run_address>
         <size>0x1</size>
         <input_file_ref idref="fl-5"/>
      </object_component>
      <object_component id="oc-ff">
         <name>.data.exit3_X</name>
         <load_address>0x20202990</load_address>
         <run_address>0x20202990</run_address>
         <size>0x1</size>
         <input_file_ref idref="fl-5"/>
      </object_component>
      <object_component id="oc-100">
         <name>.data.exit3_Y</name>
         <load_address>0x20202991</load_address>
         <run_address>0x20202991</run_address>
         <size>0x1</size>
         <input_file_ref idref="fl-5"/>
      </object_component>
      <object_component id="oc-102">
         <name>.data.scare3X</name>
         <load_address>0x20202999</load_address>
         <run_address>0x20202999</run_address>
         <size>0x1</size>
         <input_file_ref idref="fl-5"/>
      </object_component>
      <object_component id="oc-103">
         <name>.data.scare3Y</name>
         <load_address>0x2020299a</load_address>
         <run_address>0x2020299a</run_address>
         <size>0x1</size>
         <input_file_ref idref="fl-5"/>
      </object_component>
      <object_component id="oc-101">
         <name>.data.win</name>
         <load_address>0x2020299d</load_address>
         <run_address>0x2020299d</run_address>
         <size>0x1</size>
         <input_file_ref idref="fl-5"/>
      </object_component>
      <object_component id="oc-16b">
         <name>.data.StX</name>
         <load_address>0x2020296c</load_address>
         <run_address>0x2020296c</run_address>
         <size>0x4</size>
         <input_file_ref idref="fl-8"/>
      </object_component>
      <object_component id="oc-16c">
         <name>.data.StY</name>
         <load_address>0x20202970</load_address>
         <run_address>0x20202970</run_address>
         <size>0x4</size>
         <input_file_ref idref="fl-8"/>
      </object_component>
      <object_component id="oc-15b">
         <name>.data.StTextColor</name>
         <load_address>0x20202984</load_address>
         <run_address>0x20202984</run_address>
         <size>0x2</size>
         <input_file_ref idref="fl-8"/>
      </object_component>
      <object_component id="oc-15f">
         <name>.data._width</name>
         <load_address>0x20202988</load_address>
         <run_address>0x20202988</run_address>
         <size>0x2</size>
         <input_file_ref idref="fl-8"/>
      </object_component>
      <object_component id="oc-160">
         <name>.data._height</name>
         <load_address>0x20202986</load_address>
         <run_address>0x20202986</run_address>
         <size>0x2</size>
         <input_file_ref idref="fl-8"/>
      </object_component>
      <object_component id="oc-157">
         <name>.bss.ColStart</name>
         <uninitialized>true</uninitialized>
         <run_address>0x20202760</run_address>
         <size>0x1</size>
         <input_file_ref idref="fl-8"/>
      </object_component>
      <object_component id="oc-158">
         <name>.bss.RowStart</name>
         <uninitialized>true</uninitialized>
         <run_address>0x20202761</run_address>
         <size>0x1</size>
         <input_file_ref idref="fl-8"/>
      </object_component>
      <object_component id="oc-15a">
         <name>.bss.TabColor</name>
         <uninitialized>true</uninitialized>
         <run_address>0x20202762</run_address>
         <size>0x1</size>
         <input_file_ref idref="fl-8"/>
      </object_component>
      <object_component id="oc-7b">
         <name>.common:inp</name>
         <uninitialized>true</uninitialized>
         <run_address>0x2020273c</run_address>
         <size>0x4</size>
      </object_component>
      <object_component id="oc-7f">
         <name>.common:currentheart</name>
         <uninitialized>true</uninitialized>
         <run_address>0x20202724</run_address>
         <size>0x4</size>
      </object_component>
      <object_component id="oc-81">
         <name>.common:currentwarning</name>
         <uninitialized>true</uninitialized>
         <run_address>0x20202728</run_address>
         <size>0x4</size>
      </object_component>
      <object_component id="oc-d7">
         <name>.common:posX</name>
         <uninitialized>true</uninitialized>
         <run_address>0x2020274c</run_address>
         <size>0x4</size>
      </object_component>
      <object_component id="oc-d8">
         <name>.common:posY</name>
         <uninitialized>true</uninitialized>
         <run_address>0x20202750</run_address>
         <size>0x4</size>
      </object_component>
      <object_component id="oc-d9">
         <name>.common:dirX</name>
         <uninitialized>true</uninitialized>
         <run_address>0x2020272c</run_address>
         <size>0x4</size>
      </object_component>
      <object_component id="oc-da">
         <name>.common:dirY</name>
         <uninitialized>true</uninitialized>
         <run_address>0x20202730</run_address>
         <size>0x4</size>
      </object_component>
      <object_component id="oc-db">
         <name>.common:planeX</name>
         <uninitialized>true</uninitialized>
         <run_address>0x20202744</run_address>
         <size>0x4</size>
      </object_component>
      <object_component id="oc-dc">
         <name>.common:planeY</name>
         <uninitialized>true</uninitialized>
         <run_address>0x20202748</run_address>
         <size>0x4</size>
      </object_component>
      <object_component id="oc-dd">
         <name>.common:currWorldMap</name>
         <uninitialized>true</uninitialized>
         <run_address>0x20202720</run_address>
         <size>0x4</size>
      </object_component>
      <object_component id="oc-df">
         <name>.common:level1</name>
         <uninitialized>true</uninitialized>
         <run_address>0x20202763</run_address>
         <size>0x1</size>
      </object_component>
      <object_component id="oc-e0">
         <name>.common:level2</name>
         <uninitialized>true</uninitialized>
         <run_address>0x20202764</run_address>
         <size>0x1</size>
      </object_component>
      <object_component id="oc-e1">
         <name>.common:level3</name>
         <uninitialized>true</uninitialized>
         <run_address>0x20202765</run_address>
         <size>0x1</size>
      </object_component>
      <object_component id="oc-e2">
         <name>.common:score1</name>
         <uninitialized>true</uninitialized>
         <run_address>0x2020275a</run_address>
         <size>0x2</size>
      </object_component>
      <object_component id="oc-e3">
         <name>.common:score2</name>
         <uninitialized>true</uninitialized>
         <run_address>0x2020275c</run_address>
         <size>0x2</size>
      </object_component>
      <object_component id="oc-e4">
         <name>.common:score3</name>
         <uninitialized>true</uninitialized>
         <run_address>0x2020275e</run_address>
         <size>0x2</size>
      </object_component>
      <object_component id="oc-f1">
         <name>.common:exitDist</name>
         <uninitialized>true</uninitialized>
         <run_address>0x20202734</run_address>
         <size>0x4</size>
      </object_component>
      <object_component id="oc-fa">
         <name>.common:scareDist</name>
         <uninitialized>true</uninitialized>
         <run_address>0x20202766</run_address>
         <size>0x1</size>
      </object_component>
      <object_component id="oc-118">
         <name>.common:sliceBuffer</name>
         <uninitialized>true</uninitialized>
         <run_address>0x20202308</run_address>
         <size>0x400</size>
      </object_component>
      <object_component id="oc-11d">
         <name>.common:armBuffer</name>
         <uninitialized>true</uninitialized>
         <run_address>0x20200000</run_address>
         <size>0x1184</size>
      </object_component>
      <object_component id="oc-11e">
         <name>.common:armOverlay</name>
         <uninitialized>true</uninitialized>
         <run_address>0x20201184</run_address>
         <size>0x1184</size>
      </object_component>
      <object_component id="oc-125">
         <name>.common:score</name>
         <uninitialized>true</uninitialized>
         <run_address>0x20202758</run_address>
         <size>0x2</size>
      </object_component>
      <object_component id="oc-69">
         <name>.common:soundPtr</name>
         <uninitialized>true</uninitialized>
         <run_address>0x20202754</run_address>
         <size>0x4</size>
      </object_component>
      <object_component id="oc-6b">
         <name>.common:length</name>
         <uninitialized>true</uninitialized>
         <run_address>0x20202740</run_address>
         <size>0x4</size>
      </object_component>
      <object_component id="oc-6a">
         <name>.common:ind</name>
         <uninitialized>true</uninitialized>
         <run_address>0x20202738</run_address>
         <size>0x4</size>
      </object_component>
      <object_component id="oc-183">
         <name>.common:Messageindex</name>
         <uninitialized>true</uninitialized>
         <run_address>0x20202714</run_address>
         <size>0x4</size>
      </object_component>
      <object_component id="oc-184">
         <name>.common:Message</name>
         <uninitialized>true</uninitialized>
         <run_address>0x20202708</run_address>
         <size>0xc</size>
      </object_component>
      <object_component id="oc-6e">
         <name>.common:TExaSadc</name>
         <uninitialized>true</uninitialized>
         <run_address>0x2020271c</run_address>
         <size>0x4</size>
      </object_component>
      <object_component id="oc-6f">
         <name>.common:TExaSLogic</name>
         <uninitialized>true</uninitialized>
         <run_address>0x20202718</run_address>
         <size>0x4</size>
      </object_component>
      <object_component id="oc-26">
         <name>.sysmem</name>
         <uninitialized>true</uninitialized>
         <run_address>0x20202768</run_address>
         <size>0x10</size>
         <input_file_ref idref="fl-2d"/>
      </object_component>
      <object_component id="oc-1e5">
         <name>.sysmem</name>
         <uninitialized>true</uninitialized>
         <run_address>0x20202768</run_address>
         <size>0x0</size>
      </object_component>
      <object_component id="oc-1a">
         <name>.stack</name>
         <uninitialized>true</uninitialized>
         <run_address>0x20207e00</run_address>
         <size>0x4</size>
         <input_file_ref idref="fl-2e"/>
      </object_component>
      <object_component id="oc-1e4">
         <name>.stack</name>
         <uninitialized>true</uninitialized>
         <run_address>0x20207e00</run_address>
         <size>0x0</size>
      </object_component>
      <object_component id="oc-a1">
         <name>.debug_abbrev</name>
         <load_address>0x0</load_address>
         <run_address>0x0</run_address>
         <size>0xf5</size>
         <input_file_ref idref="fl-1"/>
      </object_component>
      <object_component id="oc-147">
         <name>.debug_abbrev</name>
         <load_address>0xf5</load_address>
         <run_address>0xf5</run_address>
         <size>0x18b</size>
         <input_file_ref idref="fl-2"/>
      </object_component>
      <object_component id="oc-9f">
         <name>.debug_abbrev</name>
         <load_address>0x280</load_address>
         <run_address>0x280</run_address>
         <size>0xe7</size>
         <input_file_ref idref="fl-3"/>
      </object_component>
      <object_component id="oc-86">
         <name>.debug_abbrev</name>
         <load_address>0x367</load_address>
         <run_address>0x367</run_address>
         <size>0x214</size>
         <input_file_ref idref="fl-5"/>
      </object_component>
      <object_component id="oc-14a">
         <name>.debug_abbrev</name>
         <load_address>0x57b</load_address>
         <run_address>0x57b</run_address>
         <size>0x10d</size>
         <input_file_ref idref="fl-6"/>
      </object_component>
      <object_component id="oc-193">
         <name>.debug_abbrev</name>
         <load_address>0x688</load_address>
         <run_address>0x688</run_address>
         <size>0xdb</size>
         <input_file_ref idref="fl-7"/>
      </object_component>
      <object_component id="oc-15c">
         <name>.debug_abbrev</name>
         <load_address>0x763</load_address>
         <run_address>0x763</run_address>
         <size>0x167</size>
         <input_file_ref idref="fl-8"/>
      </object_component>
      <object_component id="oc-6c">
         <name>.debug_abbrev</name>
         <load_address>0x8ca</load_address>
         <run_address>0x8ca</run_address>
         <size>0xea</size>
         <input_file_ref idref="fl-a"/>
      </object_component>
      <object_component id="oc-161">
         <name>.debug_abbrev</name>
         <load_address>0x9b4</load_address>
         <run_address>0x9b4</run_address>
         <size>0xe9</size>
         <input_file_ref idref="fl-b"/>
      </object_component>
      <object_component id="oc-70">
         <name>.debug_abbrev</name>
         <load_address>0xa9d</load_address>
         <run_address>0xa9d</run_address>
         <size>0x129</size>
         <input_file_ref idref="fl-c"/>
      </object_component>
      <object_component id="oc-166">
         <name>.debug_abbrev</name>
         <load_address>0xbc6</load_address>
         <run_address>0xbc6</run_address>
         <size>0xf3</size>
         <input_file_ref idref="fl-d"/>
      </object_component>
      <object_component id="oc-ab">
         <name>.debug_abbrev</name>
         <load_address>0xcb9</load_address>
         <run_address>0xcb9</run_address>
         <size>0x5b</size>
         <input_file_ref idref="fl-f"/>
      </object_component>
      <object_component id="oc-3d">
         <name>.debug_abbrev</name>
         <load_address>0xd14</load_address>
         <run_address>0xd14</run_address>
         <size>0x6d</size>
         <input_file_ref idref="fl-10"/>
      </object_component>
      <object_component id="oc-185">
         <name>.debug_abbrev</name>
         <load_address>0xd81</load_address>
         <run_address>0xd81</run_address>
         <size>0xb3</size>
         <input_file_ref idref="fl-2a"/>
      </object_component>
      <object_component id="oc-5f">
         <name>.debug_abbrev</name>
         <load_address>0xe34</load_address>
         <run_address>0xe34</run_address>
         <size>0x220</size>
         <input_file_ref idref="fl-2d"/>
      </object_component>
      <object_component id="oc-3f">
         <name>.debug_abbrev</name>
         <load_address>0x1054</load_address>
         <run_address>0x1054</run_address>
         <size>0xaf</size>
         <input_file_ref idref="fl-2e"/>
      </object_component>
      <object_component id="oc-18b">
         <name>.debug_abbrev</name>
         <load_address>0x1103</load_address>
         <run_address>0x1103</run_address>
         <size>0x186</size>
         <input_file_ref idref="fl-30"/>
      </object_component>
      <object_component id="oc-b6">
         <name>.debug_abbrev</name>
         <load_address>0x1289</load_address>
         <run_address>0x1289</run_address>
         <size>0x39</size>
         <input_file_ref idref="fl-31"/>
      </object_component>
      <object_component id="oc-8a">
         <name>.debug_abbrev</name>
         <load_address>0x12c2</load_address>
         <run_address>0x12c2</run_address>
         <size>0xcb</size>
         <input_file_ref idref="fl-33"/>
      </object_component>
      <object_component id="oc-4c">
         <name>.debug_abbrev</name>
         <load_address>0x138d</load_address>
         <run_address>0x138d</run_address>
         <size>0x70</size>
         <input_file_ref idref="fl-34"/>
      </object_component>
      <object_component id="oc-44">
         <name>.debug_abbrev</name>
         <load_address>0x13fd</load_address>
         <run_address>0x13fd</run_address>
         <size>0x9c</size>
         <input_file_ref idref="fl-35"/>
      </object_component>
      <object_component id="oc-174">
         <name>.debug_abbrev</name>
         <load_address>0x1499</load_address>
         <run_address>0x1499</run_address>
         <size>0x48</size>
         <input_file_ref idref="fl-36"/>
      </object_component>
      <object_component id="oc-178">
         <name>.debug_abbrev</name>
         <load_address>0x14e1</load_address>
         <run_address>0x14e1</run_address>
         <size>0x27</size>
         <input_file_ref idref="fl-81"/>
      </object_component>
      <object_component id="oc-17d">
         <name>.debug_abbrev</name>
         <load_address>0x1508</load_address>
         <run_address>0x1508</run_address>
         <size>0x27</size>
         <input_file_ref idref="fl-82"/>
      </object_component>
      <object_component id="oc-199">
         <name>.debug_abbrev</name>
         <load_address>0x152f</load_address>
         <run_address>0x152f</run_address>
         <size>0x27</size>
         <input_file_ref idref="fl-83"/>
      </object_component>
      <object_component id="oc-17e">
         <name>.debug_abbrev</name>
         <load_address>0x1556</load_address>
         <run_address>0x1556</run_address>
         <size>0x27</size>
         <input_file_ref idref="fl-84"/>
      </object_component>
      <object_component id="oc-177">
         <name>.debug_abbrev</name>
         <load_address>0x157d</load_address>
         <run_address>0x157d</run_address>
         <size>0x27</size>
         <input_file_ref idref="fl-85"/>
      </object_component>
      <object_component id="oc-173">
         <name>.debug_abbrev</name>
         <load_address>0x15a4</load_address>
         <run_address>0x15a4</run_address>
         <size>0x27</size>
         <input_file_ref idref="fl-88"/>
      </object_component>
      <object_component id="oc-89">
         <name>.debug_abbrev</name>
         <load_address>0x15cb</load_address>
         <run_address>0x15cb</run_address>
         <size>0x27</size>
         <input_file_ref idref="fl-89"/>
      </object_component>
      <object_component id="oc-b5">
         <name>.debug_abbrev</name>
         <load_address>0x15f2</load_address>
         <run_address>0x15f2</run_address>
         <size>0x27</size>
         <input_file_ref idref="fl-8a"/>
      </object_component>
      <object_component id="oc-17f">
         <name>.debug_abbrev</name>
         <load_address>0x1619</load_address>
         <run_address>0x1619</run_address>
         <size>0x27</size>
         <input_file_ref idref="fl-8b"/>
      </object_component>
      <object_component id="oc-196">
         <name>.debug_abbrev</name>
         <load_address>0x1640</load_address>
         <run_address>0x1640</run_address>
         <size>0x59</size>
         <input_file_ref idref="fl-8c"/>
      </object_component>
      <object_component id="oc-13f">
         <name>.debug_abbrev</name>
         <load_address>0x1699</load_address>
         <run_address>0x1699</run_address>
         <size>0x25</size>
         <input_file_ref idref="fl-8e"/>
      </object_component>
      <object_component id="oc-191">
         <name>.debug_abbrev</name>
         <load_address>0x16be</load_address>
         <run_address>0x16be</run_address>
         <size>0x25</size>
         <input_file_ref idref="fl-8f"/>
      </object_component>
      <object_component id="oc-1e7">
         <name>.debug_abbrev</name>
         <load_address>0x16e3</load_address>
         <run_address>0x16e3</run_address>
         <size>0xf</size>
      </object_component>
      <object_component id="oc-73">
         <name>.debug_info</name>
         <load_address>0x0</load_address>
         <run_address>0x0</run_address>
         <size>0x5c7</size>
         <input_file_ref idref="fl-1"/>
      </object_component>
      <object_component id="oc-b9">
         <name>.debug_info</name>
         <load_address>0x5c7</load_address>
         <run_address>0x5c7</run_address>
         <size>0x22ba</size>
         <input_file_ref idref="fl-2"/>
      </object_component>
      <object_component id="oc-65">
         <name>.debug_info</name>
         <load_address>0x2881</load_address>
         <run_address>0x2881</run_address>
         <size>0x75a</size>
         <input_file_ref idref="fl-3"/>
      </object_component>
      <object_component id="oc-39">
         <name>.debug_info</name>
         <load_address>0x2fdb</load_address>
         <run_address>0x2fdb</run_address>
         <size>0x28ca</size>
         <input_file_ref idref="fl-5"/>
      </object_component>
      <object_component id="oc-be">
         <name>.debug_info</name>
         <load_address>0x58a5</load_address>
         <run_address>0x58a5</run_address>
         <size>0x856</size>
         <input_file_ref idref="fl-6"/>
      </object_component>
      <object_component id="oc-14f">
         <name>.debug_info</name>
         <load_address>0x60fb</load_address>
         <run_address>0x60fb</run_address>
         <size>0xb8b</size>
         <input_file_ref idref="fl-7"/>
      </object_component>
      <object_component id="oc-c3">
         <name>.debug_info</name>
         <load_address>0x6c86</load_address>
         <run_address>0x6c86</run_address>
         <size>0x1a66</size>
         <input_file_ref idref="fl-8"/>
      </object_component>
      <object_component id="oc-2f">
         <name>.debug_info</name>
         <load_address>0x86ec</load_address>
         <run_address>0x86ec</run_address>
         <size>0x30c</size>
         <input_file_ref idref="fl-a"/>
      </object_component>
      <object_component id="oc-c9">
         <name>.debug_info</name>
         <load_address>0x89f8</load_address>
         <run_address>0x89f8</run_address>
         <size>0x75e</size>
         <input_file_ref idref="fl-b"/>
      </object_component>
      <object_component id="oc-34">
         <name>.debug_info</name>
         <load_address>0x9156</load_address>
         <run_address>0x9156</run_address>
         <size>0x18f2</size>
         <input_file_ref idref="fl-c"/>
      </object_component>
      <object_component id="oc-d2">
         <name>.debug_info</name>
         <load_address>0xaa48</load_address>
         <run_address>0xaa48</run_address>
         <size>0x9b1</size>
         <input_file_ref idref="fl-d"/>
      </object_component>
      <object_component id="oc-84">
         <name>.debug_info</name>
         <load_address>0xb3f9</load_address>
         <run_address>0xb3f9</run_address>
         <size>0x86</size>
         <input_file_ref idref="fl-f"/>
      </object_component>
      <object_component id="oc-19">
         <name>.debug_info</name>
         <load_address>0xb47f</load_address>
         <run_address>0xb47f</run_address>
         <size>0x94</size>
         <input_file_ref idref="fl-10"/>
      </object_component>
      <object_component id="oc-127">
         <name>.debug_info</name>
         <load_address>0xb513</load_address>
         <run_address>0xb513</run_address>
         <size>0xed</size>
         <input_file_ref idref="fl-2a"/>
      </object_component>
      <object_component id="oc-27">
         <name>.debug_info</name>
         <load_address>0xb600</load_address>
         <run_address>0xb600</run_address>
         <size>0xa4b</size>
         <input_file_ref idref="fl-2d"/>
      </object_component>
      <object_component id="oc-1b">
         <name>.debug_info</name>
         <load_address>0xc04b</load_address>
         <run_address>0xc04b</run_address>
         <size>0x423</size>
         <input_file_ref idref="fl-2e"/>
      </object_component>
      <object_component id="oc-12f">
         <name>.debug_info</name>
         <load_address>0xc46e</load_address>
         <run_address>0xc46e</run_address>
         <size>0x792</size>
         <input_file_ref idref="fl-30"/>
      </object_component>
      <object_component id="oc-91">
         <name>.debug_info</name>
         <load_address>0xcc00</load_address>
         <run_address>0xcc00</run_address>
         <size>0x46</size>
         <input_file_ref idref="fl-31"/>
      </object_component>
      <object_component id="oc-51">
         <name>.debug_info</name>
         <load_address>0xcc46</load_address>
         <run_address>0xcc46</run_address>
         <size>0x190</size>
         <input_file_ref idref="fl-33"/>
      </object_component>
      <object_component id="oc-21">
         <name>.debug_info</name>
         <load_address>0xcdd6</load_address>
         <run_address>0xcdd6</run_address>
         <size>0xc6</size>
         <input_file_ref idref="fl-34"/>
      </object_component>
      <object_component id="oc-1d">
         <name>.debug_info</name>
         <load_address>0xce9c</load_address>
         <run_address>0xce9c</run_address>
         <size>0x17a</size>
         <input_file_ref idref="fl-35"/>
      </object_component>
      <object_component id="oc-eb">
         <name>.debug_info</name>
         <load_address>0xd016</load_address>
         <run_address>0xd016</run_address>
         <size>0x56</size>
         <input_file_ref idref="fl-36"/>
      </object_component>
      <object_component id="oc-109">
         <name>.debug_info</name>
         <load_address>0xd06c</load_address>
         <run_address>0xd06c</run_address>
         <size>0x1b7</size>
         <input_file_ref idref="fl-81"/>
      </object_component>
      <object_component id="oc-10d">
         <name>.debug_info</name>
         <load_address>0xd223</load_address>
         <run_address>0xd223</run_address>
         <size>0x19d</size>
         <input_file_ref idref="fl-82"/>
      </object_component>
      <object_component id="oc-17a">
         <name>.debug_info</name>
         <load_address>0xd3c0</load_address>
         <run_address>0xd3c0</run_address>
         <size>0x19f</size>
         <input_file_ref idref="fl-83"/>
      </object_component>
      <object_component id="oc-111">
         <name>.debug_info</name>
         <load_address>0xd55f</load_address>
         <run_address>0xd55f</run_address>
         <size>0x19f</size>
         <input_file_ref idref="fl-84"/>
      </object_component>
      <object_component id="oc-105">
         <name>.debug_info</name>
         <load_address>0xd6fe</load_address>
         <run_address>0xd6fe</run_address>
         <size>0x1a3</size>
         <input_file_ref idref="fl-85"/>
      </object_component>
      <object_component id="oc-e7">
         <name>.debug_info</name>
         <load_address>0xd8a1</load_address>
         <run_address>0xd8a1</run_address>
         <size>0x1c9</size>
         <input_file_ref idref="fl-88"/>
      </object_component>
      <object_component id="oc-49">
         <name>.debug_info</name>
         <load_address>0xda6a</load_address>
         <run_address>0xda6a</run_address>
         <size>0x1a9</size>
         <input_file_ref idref="fl-89"/>
      </object_component>
      <object_component id="oc-8d">
         <name>.debug_info</name>
         <load_address>0xdc13</load_address>
         <run_address>0xdc13</run_address>
         <size>0x1c9</size>
         <input_file_ref idref="fl-8a"/>
      </object_component>
      <object_component id="oc-115">
         <name>.debug_info</name>
         <load_address>0xdddc</load_address>
         <run_address>0xdddc</run_address>
         <size>0x1cc</size>
         <input_file_ref idref="fl-8b"/>
      </object_component>
      <object_component id="oc-16f">
         <name>.debug_info</name>
         <load_address>0xdfa8</load_address>
         <run_address>0xdfa8</run_address>
         <size>0x85</size>
         <input_file_ref idref="fl-8c"/>
      </object_component>
      <object_component id="oc-af">
         <name>.debug_info</name>
         <load_address>0xe02d</load_address>
         <run_address>0xe02d</run_address>
         <size>0x2f5</size>
         <input_file_ref idref="fl-8e"/>
      </object_component>
      <object_component id="oc-141">
         <name>.debug_info</name>
         <load_address>0xe322</load_address>
         <run_address>0xe322</run_address>
         <size>0x23f</size>
         <input_file_ref idref="fl-8f"/>
      </object_component>
      <object_component id="oc-1e6">
         <name>.debug_info</name>
         <load_address>0xe561</load_address>
         <run_address>0xe561</run_address>
         <size>0xc1</size>
      </object_component>
      <object_component id="oc-74">
         <name>.debug_ranges</name>
         <load_address>0x0</load_address>
         <run_address>0x0</run_address>
         <size>0x28</size>
         <input_file_ref idref="fl-1"/>
      </object_component>
      <object_component id="oc-ba">
         <name>.debug_ranges</name>
         <load_address>0x28</load_address>
         <run_address>0x28</run_address>
         <size>0x58</size>
         <input_file_ref idref="fl-2"/>
      </object_component>
      <object_component id="oc-66">
         <name>.debug_ranges</name>
         <load_address>0x80</load_address>
         <run_address>0x80</run_address>
         <size>0x18</size>
         <input_file_ref idref="fl-3"/>
      </object_component>
      <object_component id="oc-3a">
         <name>.debug_ranges</name>
         <load_address>0x98</load_address>
         <run_address>0x98</run_address>
         <size>0x60</size>
         <input_file_ref idref="fl-5"/>
      </object_component>
      <object_component id="oc-bf">
         <name>.debug_ranges</name>
         <load_address>0xf8</load_address>
         <run_address>0xf8</run_address>
         <size>0x58</size>
         <input_file_ref idref="fl-6"/>
      </object_component>
      <object_component id="oc-150">
         <name>.debug_ranges</name>
         <load_address>0x150</load_address>
         <run_address>0x150</run_address>
         <size>0x28</size>
         <input_file_ref idref="fl-7"/>
      </object_component>
      <object_component id="oc-c4">
         <name>.debug_ranges</name>
         <load_address>0x178</load_address>
         <run_address>0x178</run_address>
         <size>0x1f8</size>
         <input_file_ref idref="fl-8"/>
      </object_component>
      <object_component id="oc-30">
         <name>.debug_ranges</name>
         <load_address>0x370</load_address>
         <run_address>0x370</run_address>
         <size>0x68</size>
         <input_file_ref idref="fl-a"/>
      </object_component>
      <object_component id="oc-ca">
         <name>.debug_ranges</name>
         <load_address>0x3d8</load_address>
         <run_address>0x3d8</run_address>
         <size>0x18</size>
         <input_file_ref idref="fl-b"/>
      </object_component>
      <object_component id="oc-35">
         <name>.debug_ranges</name>
         <load_address>0x3f0</load_address>
         <run_address>0x3f0</run_address>
         <size>0x68</size>
         <input_file_ref idref="fl-c"/>
      </object_component>
      <object_component id="oc-d3">
         <name>.debug_ranges</name>
         <load_address>0x458</load_address>
         <run_address>0x458</run_address>
         <size>0x48</size>
         <input_file_ref idref="fl-d"/>
      </object_component>
      <object_component id="oc-29">
         <name>.debug_ranges</name>
         <load_address>0x4a0</load_address>
         <run_address>0x4a0</run_address>
         <size>0x20</size>
         <input_file_ref idref="fl-10"/>
      </object_component>
      <object_component id="oc-128">
         <name>.debug_ranges</name>
         <load_address>0x4c0</load_address>
         <run_address>0x4c0</run_address>
         <size>0x18</size>
         <input_file_ref idref="fl-2a"/>
      </object_component>
      <object_component id="oc-62">
         <name>.debug_ranges</name>
         <load_address>0x4d8</load_address>
         <run_address>0x4d8</run_address>
         <size>0xe0</size>
         <input_file_ref idref="fl-2d"/>
      </object_component>
      <object_component id="oc-42">
         <name>.debug_ranges</name>
         <load_address>0x5b8</load_address>
         <run_address>0x5b8</run_address>
         <size>0x48</size>
         <input_file_ref idref="fl-2e"/>
      </object_component>
      <object_component id="oc-130">
         <name>.debug_ranges</name>
         <load_address>0x600</load_address>
         <run_address>0x600</run_address>
         <size>0xa8</size>
         <input_file_ref idref="fl-30"/>
      </object_component>
      <object_component id="oc-52">
         <name>.debug_ranges</name>
         <load_address>0x6a8</load_address>
         <run_address>0x6a8</run_address>
         <size>0x18</size>
         <input_file_ref idref="fl-33"/>
      </object_component>
      <object_component id="oc-47">
         <name>.debug_ranges</name>
         <load_address>0x6c0</load_address>
         <run_address>0x6c0</run_address>
         <size>0x30</size>
         <input_file_ref idref="fl-35"/>
      </object_component>
      <object_component id="oc-170">
         <name>.debug_ranges</name>
         <load_address>0x6f0</load_address>
         <run_address>0x6f0</run_address>
         <size>0x18</size>
         <input_file_ref idref="fl-8c"/>
      </object_component>
[...]
      </symbol>
      <symbol id="sm-b5">
         <name>win</name>
         <value>0x2020299d</value>
         <object_component_ref idref="oc-101"/>
      </symbol>
      <symbol id="sm-b6">
         <name>scare3X</name>
         <value>0x20202999</value>
         <object_component_ref idref="oc-102"/>
      </symbol>
      <symbol id="sm-b7">
         <name>scare3Y</name>
         <value>0x2020299a</value>
         <object_component_ref idref="oc-103"/>
      </symbol>
      <symbol id="sm-b8">
         <name>sliceBuffer</name>
         <value>0x20202308</value>
      </symbol>
      <symbol id="sm-b9">
         <name>armHeight</name>
         <value>0x2020298a</value>
         <object_component_ref idref="oc-119"/>
      </symbol>
      <symbol id="sm-ba">
         <name>armBuffer</name>
         <value>0x20200000</value>
      </symbol>
      <symbol id="sm-bb">
         <name>armOverlay</name>
         <value>0x20201184</value>
      </symbol>
      <symbol id="sm-bc">
         <name>handlight</name>
         <value>0xf8f6</value>
         <object_component_ref idref="oc-11f"/>
      </symbol>
      <symbol id="sm-bd">
         <name>moveSpeed</name>
         <value>0x2020297c</value>
         <object_component_ref idref="oc-121"/>
      </symbol>
      <symbol id="sm-be">
         <name>score</name>
         <value>0x20202758</value>
      </symbol>
      <symbol id="sm-bf">
         <name>biggestheart</name>
         <value>0x1213c</value>
         <object_component_ref idref="oc-a3"/>
      </symbol>
      <symbol id="sm-c0">
         <name>smallheart</name>
         <value>0x12628</value>
         <object_component_ref idref="oc-a5"/>
      </symbol>
      <symbol id="sm-c1">
         <name>smallestheart</name>
         <value>0x12484</value>
         <object_component_ref idref="oc-a6"/>
      </symbol>
      <symbol id="sm-c2">
         <name>bigheart</name>
         <value>0x122e0</value>
         <object_component_ref idref="oc-a4"/>
      </symbol>
      <symbol id="sm-c3">
         <name>warningmostopaque</name>
         <value>0x12b14</value>
         <object_component_ref idref="oc-a7"/>
      </symbol>
      <symbol id="sm-c4">
         <name>warningopaque</name>
         <value>0x12cb8</value>
         <object_component_ref idref="oc-a8"/>
      </symbol>
      <symbol id="sm-c5">
         <name>warningdark</name>
         <value>0x127cc</value>
         <object_component_ref idref="oc-a9"/>
      </symbol>
      <symbol id="sm-c6">
         <name>warningdarkest</name>
         <value>0x12970</value>
         <object_component_ref idref="oc-aa"/>
      </symbol>
      <symbol id="sm-c7">
         <name>soundPtr</name>
         <value>0x20202754</value>
      </symbol>
      <symbol id="sm-c8">
         <name>length</name>
         <value>0x20202740</value>
      </symbol>
      <symbol id="sm-c9">
         <name>ind</name>
         <value>0x20202738</value>
      </symbol>
      <symbol id="sm-d9">
         <name>ActivatePortA_B</name>
         <value>0x167c9</value>
         <object_component_ref idref="oc-149"/>
      </symbol>
      <symbol id="sm-da">
         <name>LaunchPad_Init</name>
         <value>0x1623d</value>
         <object_component_ref idref="oc-bd"/>
      </symbol>
      <symbol id="sm-db">
         <name>LaunchPad_InS2</name>
         <value>0x16a2d</value>
         <object_component_ref idref="oc-ee"/>
      </symbol>
      <symbol id="sm-ee">
         <name>SPI_Init</name>
         <value>0x15b81</value>
         <object_component_ref idref="oc-192"/>
      </symbol>
      <symbol id="sm-ef">
         <name>SPI_Reset</name>
         <value>0x16615</value>
         <object_component_ref idref="oc-1a5"/>
      </symbol>
      <symbol id="sm-f0">
         <name>SPI_OutData</name>
         <value>0x16801</value>
         <object_component_ref idref="oc-153"/>
      </symbol>
      <symbol id="sm-f1">
         <name>SPI_OutCommand</name>
         <value>0x16501</value>
         <object_component_ref idref="oc-14e"/>
      </symbol>
      <symbol id="sm-148">
         <name>ST7735_SetCursor</name>
         <value>0x1686d</value>
         <object_component_ref idref="oc-d5"/>
      </symbol>
      <symbol id="sm-149">
         <name>ST7735_FillScreen</name>
         <value>0x16905</value>
         <object_component_ref idref="oc-c7"/>
      </symbol>
      <symbol id="sm-14a">
         <name>StTextColor</name>
         <value>0x20202984</value>
         <object_component_ref idref="oc-15b"/>
      </symbol>
      <symbol id="sm-14b">
         <name>StX</name>
         <value>0x2020296c</value>
         <object_component_ref idref="oc-16b"/>
      </symbol>
      <symbol id="sm-14c">
         <name>StY</name>
         <value>0x20202970</value>
         <object_component_ref idref="oc-16c"/>
      </symbol>
      <symbol id="sm-14d">
         <name>ST7735_FillRect</name>
         <value>0x15a69</value>
         <object_component_ref idref="oc-15e"/>
      </symbol>
      <symbol id="sm-14e">
         <name>ST7735_InitR</name>
         <value>0x15f81</value>
         <object_component_ref idref="oc-c2"/>
      </symbol>
      <symbol id="sm-14f">
         <name>ST7735_DrawPixel</name>
         <value>0x16331</value>
         <object_component_ref idref="oc-19a"/>
      </symbol>
      <symbol id="sm-150">
         <name>ST7735_DrawFastVLine</name>
         <value>0x15e2d</value>
         <object_component_ref idref="oc-11a"/>
      </symbol>
      <symbol id="sm-151">
         <name>ST7735_Color565</name>
         <value>0x168a1</value>
         <object_component_ref idref="oc-11b"/>
      </symbol>
      <symbol id="sm-152">
         <name>ST7735_DrawBitmap</name>
         <value>0x151cd</value>
         <object_component_ref idref="oc-f6"/>
      </symbol>
      <symbol id="sm-153">
         <name>ST7735_DrawCharS</name>
         <value>0x15735</value>
         <object_component_ref idref="oc-182"/>
      </symbol>
      <symbol id="sm-154">
         <name>ST7735_DrawChar</name>
         <value>0x15591</value>
         <object_component_ref idref="oc-d4"/>
      </symbol>
      <symbol id="sm-155">
         <name>ST7735_DrawString</name>
         <value>0x16135</value>
         <object_component_ref idref="oc-181"/>
      </symbol>
      <symbol id="sm-156">
         <name>fillmessage</name>
         <value>0x16461</value>
         <object_component_ref idref="oc-180"/>
      </symbol>
      <symbol id="sm-157">
         <name>Messageindex</name>
         <value>0x20202714</value>
      </symbol>
      <symbol id="sm-158">
         <name>Message</name>
         <value>0x20202708</value>
      </symbol>
      <symbol id="sm-159">
         <name>ST7735_OutUDec</name>
         <value>0x161b9</value>
         <object_component_ref idref="oc-123"/>
      </symbol>
      <symbol id="sm-15a">
         <name>ST7735_OutChar</name>
         <value>0x15d5d</value>
         <object_component_ref idref="oc-16d"/>
      </symbol>
      <symbol id="sm-15b">
         <name>ST7735_OutString</name>
         <value>0x16985</value>
         <object_component_ref idref="oc-d6"/>
      </symbol>
      <symbol id="sm-15c">
         <name>ST7735_SetTextColor</name>
         <value>0x16a7d</value>
         <object_component_ref idref="oc-122"/>
      </symbol>
      <symbol id="sm-170">
         <name>SysTick_IntArm</name>
         <value>0x165d1</value>
         <object_component_ref idref="oc-164"/>
      </symbol>
      <symbol id="sm-171">
         <name>Sound_Init</name>
         <value>0x169d1</value>
         <object_component_ref idref="oc-ce"/>
      </symbol>
      <symbol id="sm-172">
         <name>SysTick_Handler</name>
         <value>0x1658d</value>
         <object_component_ref idref="oc-2e"/>
      </symbol>
      <symbol id="sm-173">
         <name>Sound_Start</name>
         <value>0x16655</value>
         <object_component_ref idref="oc-77"/>
      </symbol>
      <symbol id="sm-17d">
         <name>Switch_Init</name>
         <value>0x16a65</value>
         <object_component_ref idref="oc-c8"/>
      </symbol>
      <symbol id="sm-187">
         <name>TIMG7_IRQHandler</name>
         <value>0x16695</value>
         <object_component_ref idref="oc-33"/>
      </symbol>
      <symbol id="sm-188">
         <name>TExaSadc</name>
         <value>0x2020271c</value>
      </symbol>
      <symbol id="sm-189">
         <name>TExaSLogic</name>
         <value>0x20202718</value>
      </symbol>
      <symbol id="sm-193">
         <name>TimerG12_IntArm</name>
         <value>0x16019</value>
         <object_component_ref idref="oc-cf"/>
      </symbol>
      <symbol id="sm-199">
         <name>scream</name>
         <value>0xdb40</value>
         <object_component_ref idref="oc-fd"/>
      </symbol>
      <symbol id="sm-19a">
         <name>walking2</name>
         <value>0xa0c0</value>
         <object_component_ref idref="oc-83"/>
      </symbol>
      <symbol id="sm-1a7">
         <name>Default_Handler</name>
         <value>0x16b01</value>
         <object_component_ref idref="oc-2c"/>
      </symbol>
      <symbol id="sm-1a8">
         <name>Reset_Handler</name>
         <value>0x16b09</value>
         <object_component_ref idref="oc-28"/>
      </symbol>
      <symbol id="sm-1a9">
         <name>HardFault_Handler</name>
         <value>0x16b05</value>
         <object_component_ref idref="oc-2d"/>
      </symbol>
      <symbol id="sm-1aa">
         <name>interruptVectors</name>
         <value>0x0</value>
         <object_component_ref idref="oc-18"/>
      </symbol>
      <symbol id="sm-1ab">
         <name>NMI_Handler</name>
         <value>0x16b01</value>
         <object_component_ref idref="oc-2c"/>
      </symbol>
      <symbol id="sm-1ac">
         <name>SVC_Handler</name>
         <value>0x16b01</value>
         <object_component_ref idref="oc-2c"/>
      </symbol>
      <symbol id="sm-1ad">
         <name>PendSV_Handler</name>
         <value>0x16b01</value>
         <object_component_ref idref="oc-2c"/>
      </symbol>
      <symbol id="sm-1ae">
         <name>GROUP0_IRQHandler</name>
         <value>0x16b01</value>
         <object_component_ref idref="oc-2c"/>
      </symbol>
      <symbol id="sm-1af">
         <name>GROUP1_IRQHandler</name>
         <value>0x16b01</value>
         <object_component_ref idref="oc-2c"/>
      </symbol>
      <symbol id="sm-1b0">
         <name>TIMG8_IRQHandler</name>
         <value>0x16b01</value>
         <object_component_ref idref="oc-2c"/>
      </symbol>
      <symbol id="sm-1b1">
         <name>UART3_IRQHandler</name>
         <value>0x16b01</value>
         <object_component_ref idref="oc-2c"/>
      </symbol>
      <symbol id="sm-1b2">
         <name>ADC0_IRQHandler</name>
         <value>0x16b01</value>
         <object_component_ref idref="oc-2c"/>
      </symbol>
      <symbol id="sm-1b3">
         <name>ADC1_IRQHandler</name>
         <value>0x16b01</value>
         <object_component_ref idref="oc-2c"/>
      </symbol>
      <symbol id="sm-1b4">
         <name>CANFD0_IRQHandler</name>
         <value>0x16b01</value>
         <object_component_ref idref="oc-2c"/>
      </symbol>
      <symbol id="sm-1b5">
         <name>DAC0_IRQHandler</name>
         <value>0x16b01</value>
         <object_component_ref idref="oc-2c"/>
      </symbol>
      <symbol id="sm-1b6">
         <name>SPI0_IRQHandler</name>
         <value>0x16b01</value>
         <object_component_ref idref="oc-2c"/>
      </symbol>
      <symbol id="sm-1b7">
         <name>SPI1_IRQHandler</name>
         <value>0x16b01</value>
         <object_component_ref idref="oc-2c"/>
      </symbol>
      <symbol id="sm-1b8">
         <name>UART1_IRQHandler</name>
         <value>0x16b01</value>
         <object_component_ref idref="oc-2c"/>
      </symbol>
      <symbol id="sm-1b9">
         <name>UART2_IRQHandler</name>
         <value>0x16b01</value>
         <object_component_ref idref="oc-2c"/>
      </symbol>
      <symbol id="sm-1ba">
         <name>UART0_IRQHandler</name>
         <value>0x16b01</value>
         <object_component_ref idref="oc-2c"/>
      </symbol>
      <symbol id="sm-1bb">
         <name>TIMG0_IRQHandler</name>
         <value>0x16b01</value>
         <object_component_ref idref="oc-2c"/>
      </symbol>
      <symbol id="sm-1bc">
         <name>TIMG6_IRQHandler</name>
         <value>0x16b01</value>
         <object_component_ref idref="oc-2c"/>
      </symbol>
      <symbol id="sm-1bd">
         <name>TIMA0_IRQHandler</name>
         <value>0x16b01</value>
         <object_component_ref idref="oc-2c"/>
      </symbol>
      <symbol id="sm-1be">
         <name>TIMA1_IRQHandler</name>
         <value>0x16b01</value>
         <object_component_ref idref="oc-2c"/>
      </symbol>
      <symbol id="sm-1bf">
         <name>I2C0_IRQHandler</name>
         <value>0x16b01</value>
         <object_component_ref idref="oc-2c"/>
      </symbol>
      <symbol id="sm-1c0">
         <name>I2C1_IRQHandler</name>
         <value>0x16b01</value>
         <object_component_ref idref="oc-2c"/>
      </symbol>
      <symbol id="sm-1c1">
         <name>AES_IRQHandler</name>
         <value>0x16b01</value>
         <object_component_ref idref="oc-2c"/>
      </symbol>
      <symbol id="sm-1c2">
         <name>RTC_IRQHandler</name>
         <value>0x16b01</value>
         <object_component_ref idref="oc-2c"/>
      </symbol>
      <symbol id="sm-1c3">
         <name>DMA_IRQHandler</name>
         <value>0x16b01</value>
         <object_component_ref idref="oc-2c"/>
      </symbol>
      <symbol id="sm-1cf">
         <name>abort</name>
         <value>0x16b11</value>
         <object_component_ref idref="oc-126"/>
      </symbol>
      <symbol id="sm-1d0">
         <name>C$$EXIT</name>
         <value>0x16b10</value>
         <object_component_ref idref="oc-126"/>
      </symbol>
      <symbol id="sm-1d9">
         <name>_sys_memory</name>
         <value>0x20202768</value>
         <object_component_ref idref="oc-26"/>
      </symbol>
      <symbol id="sm-1e4">
         <name>_c_int00_noargs</name>
         <value>0x1695d</value>
         <object_component_ref idref="oc-58"/>
      </symbol>
      <symbol id="sm-1e5">
         <name>__stack</name>
         <value>0x20207e00</value>
         <object_component_ref idref="oc-1a"/>
      </symbol>
      <symbol id="sm-1f1">
         <name>__TI_auto_init_nobinit_nopinit</name>
         <value>0x16751</value>
         <object_component_ref idref="oc-12d"/>
      </symbol>
      <symbol id="sm-1f9">
         <name>_system_pre_init</name>
         <value>0x16b0d</value>
         <object_component_ref idref="oc-90"/>
      </symbol>
      <symbol id="sm-204">
         <name>__TI_zero_init</name>
         <value>0x16ac5</value>
         <object_component_ref idref="oc-55"/>
      </symbol>
      <symbol id="sm-20d">
         <name>__TI_decompress_none</name>
         <value>0x16aa3</value>
         <object_component_ref idref="oc-20"/>
      </symbol>
      <symbol id="sm-218">
         <name>__TI_decompress_lzss</name>
         <value>0x163a1</value>
         <object_component_ref idref="oc-1c"/>
      </symbol>
      <symbol id="sm-221">
         <name>abs</name>
         <value>0x16af1</value>
         <object_component_ref idref="oc-ea"/>
      </symbol>
      <symbol id="sm-239">
         <name>__aeabi_dadd</name>
         <value>0x158df</value>
         <object_component_ref idref="oc-108"/>
      </symbol>
      <symbol id="sm-23a">
         <name>__adddf3</name>
         <value>0x158df</value>
         <object_component_ref idref="oc-108"/>
      </symbol>
      <symbol id="sm-23b">
         <name>__aeabi_dsub</name>
         <value>0x158d5</value>
         <object_component_ref idref="oc-108"/>
      </symbol>
      <symbol id="sm-23c">
         <name>__subdf3</name>
         <value>0x158d5</value>
         <object_component_ref idref="oc-108"/>
      </symbol>
      <symbol id="sm-242">
         <name>__aeabi_dmul</name>
         <value>0x15c79</value>
         <object_component_ref idref="oc-10c"/>
      </symbol>
      <symbol id="sm-243">
         <name>__muldf3</name>
         <value>0x15c79</value>
         <object_component_ref idref="oc-10c"/>
      </symbol>
      <symbol id="sm-249">
         <name>__muldsi3</name>
         <value>0x1678d</value>
         <object_component_ref idref="oc-179"/>
      </symbol>
      <symbol id="sm-24f">
         <name>__aeabi_d2iz</name>
         <value>0x164b5</value>
         <object_component_ref idref="oc-110"/>
      </symbol>
      <symbol id="sm-250">
         <name>__fixdfsi</name>
         <value>0x164b5</value>
         <object_component_ref idref="oc-110"/>
      </symbol>
      <symbol id="sm-256">
         <name>__aeabi_i2d</name>
         <value>0x16931</value>
         <object_component_ref idref="oc-104"/>
      </symbol>
      <symbol id="sm-257">
         <name>__floatsidf</name>
         <value>0x16931</value>
         <object_component_ref idref="oc-104"/>
      </symbol>
      <symbol id="sm-25d">
         <name>__aeabi_idiv</name>
         <value>0x16409</value>
         <object_component_ref idref="oc-e6"/>
      </symbol>
      <symbol id="sm-25e">
         <name>__aeabi_idivmod</name>
         <value>0x16409</value>
         <object_component_ref idref="oc-e6"/>
      </symbol>
      <symbol id="sm-264">
         <name>__aeabi_memcpy</name>
         <value>0x16af9</value>
         <object_component_ref idref="oc-48"/>
      </symbol>
      <symbol id="sm-265">
         <name>__aeabi_memcpy4</name>
         <value>0x16af9</value>
         <object_component_ref idref="oc-48"/>
      </symbol>
      <symbol id="sm-266">
         <name>__aeabi_memcpy8</name>
         <value>0x16af9</value>
         <object_component_ref idref="oc-48"/>
      </symbol>
      <symbol id="sm-26c">
         <name>__aeabi_memset</name>
         <value>0x16a49</value>
         <object_component_ref idref="oc-8c"/>
      </symbol>
      <symbol id="sm-26d">
         <name>__aeabi_memset4</name>
         <value>0x16a49</value>
         <object_component_ref idref="oc-8c"/>
      </symbol>
      <symbol id="sm-26e">
         <name>__aeabi_memset8</name>
         <value>0x16a49</value>
         <object_component_ref idref="oc-8c"/>
      </symbol>
      <symbol id="sm-26f">
         <name>__aeabi_memclr</name>
         <value>0x16a59</value>
         <object_component_ref idref="oc-8c"/>
      </symbol>
      <symbol id="sm-270">
         <name>__aeabi_memclr4</name>
         <value>0x16a59</value>
         <object_component_ref idref="oc-8c"/>
      </symbol>
      <symbol id="sm-271">
         <name>__aeabi_memclr8</name>
         <value>0x16a59</value>
         <object_component_ref idref="oc-8c"/>
      </symbol>
      <symbol id="sm-277">
         <name>__aeabi_uidiv</name>
         <value>0x166d5</value>
         <object_component_ref idref="oc-114"/>
      </symbol>
      <symbol id="sm-278">
         <name>__aeabi_uidivmod</name>
         <value>0x166d5</value>
         <object_component_ref idref="oc-114"/>
      </symbol>
      <symbol id="sm-282">
         <name>__aeabi_idiv0</name>
         <value>0x15a67</value>
         <object_component_ref idref="oc-16e"/>
      </symbol>
      <symbol id="sm-28c">
         <name>TI_memcpy_small</name>
         <value>0x16a91</value>
         <object_component_ref idref="oc-ae"/>
      </symbol>
      <symbol id="sm-295">
         <name>TI_memset_small</name>
         <value>0x16ad5</value>
         <object_component_ref idref="oc-140"/>
      </symbol>
      <symbol id="sm-296">
         <name>__TI_static_base__</name>
         <value>0x0</value>
      </symbol>
      <symbol id="sm-299">
         <name>__mpu_init</name>
         <value>0x0</value>
      </symbol>
      <symbol id="sm-29a">
         <name>_system_post_cinit</name>
         <value>0x0</value>
      </symbol>
   </symbol_table>
   <title>Link successful</title>
</link_info>
