******************************************************************************
            TI ARM Clang Linker Unix v2.1.3                    
******************************************************************************
>> Linked Thu Sep  5 01:30:49 2024

OUTPUT FILE NAME:   <ECE319K_Lab9.out>
ENTRY POINT SYMBOL: "_c_int00_noargs"  address: 0001695d


MEMORY CONFIGURATION

         name            origin    length      used     unused   attr    fill
----------------------  --------  ---------  --------  --------  ----  --------
  FLASH                 00000000   00020000  00016b70  00009490  R  X
  SRAM                  20200000   00008000  00002b9d  00005463  RW X
  BCR_CONFIG            41c00000   00000080  00000000  00000080  R   
  BSL_CONFIG            41c00100   00000080  00000000  00000080  R   


SEGMENT ALLOCATION MAP

run origin  load origin   length   init length attrs members
----------  ----------- ---------- ----------- ----- -------
00000000    00000000    00016b70   00016b70    r-x
  00000000    00000000    000000c0   000000c0    r-- .intvecs
  000000c0    000000c0    00012fb0   00012fb0    r-- .rodata
  00013070    00013070    00003aa8   00003aa8    r-x .text
  00016b18    00016b18    00000058   00000058    r-- .cinit
20200000    20200000    0000299e   00000000    rw-
  20200000    20200000    00002767   00000000    rw- .bss
  20202768    20202768    00000200   00000000    rw- .sysmem
  20202968    20202968    00000036   00000000    rw- .data
20207e00    20207e00    00000200   00000000    rw-
  20207e00    20207e00    00000200   00000000    rw- .stack


SECTION ALLOCATION MAP

 output                                  attributes/
section   page    origin      length       input sections
--------  ----  ----------  ----------   ----------------
.intvecs   0    00000000    000000c0     
                  00000000    000000c0     startup_mspm0g3507_ticlang.o (.intvecs)

.text      0    00013070    00003aa8     
                  00013070    00001e8c     Lab9Main.o (.text.main)
                  00014efc    000002d0     Lab9Main.o (.text.TIMG12_IRQHandler)
                  000151cc    00000210     ST7735.o (.text.ST7735_DrawBitmap)
                  000153dc    000001b4     Clock.o (.text.Clock_Init80MHz)
                  00015590    000001a4     ST7735.o (.text.ST7735_DrawChar)
                  00015734    000001a0     ST7735.o (.text.ST7735_DrawCharS)
                  000158d4    00000192     libclang_rt.builtins.a : adddf3.S.obj (.text)
                  00015a66    00000002                            : aeabi_div0.c.obj (.text.__aeabi_idiv0)
                  00015a68    00000118     ST7735.o (.text.ST7735_FillRect)
                  00015b80    000000f8     SPI.o (.text.SPI_Init)
                  00015c78    000000e4     libclang_rt.builtins.a : muldf3.S.obj (.text)
                  00015d5c    000000d0     ST7735.o (.text.ST7735_OutChar)
                  00015e2c    000000b0     ST7735.o (.text.ST7735_DrawFastVLine)
                  00015edc    000000a2     ST7735.o (.text.commandList)
                  00015f7e    00000002     --HOLE-- [fill = 0]
                  00015f80    00000098     ST7735.o (.text.ST7735_InitR)
                  00016018    00000094     Timer.o (.text.TimerG12_IntArm)
                  000160ac    00000088     ST7735.o (.text.setAddrWindow)
                  00016134    00000084     ST7735.o (.text.ST7735_DrawString)
                  000161b8    00000084     ST7735.o (.text.ST7735_OutUDec)
                  0001623c    0000007c     LaunchPad.o (.text.LaunchPad_Init)
                  000162b8    00000078     ADC1.o (.text.ADCinit)
                  00016330    00000070     ST7735.o (.text.ST7735_DrawPixel)
                  000163a0    00000068     libc.a : copy_decompress_lzss.c.obj (.text:decompress:lzss)
                  00016408    00000056     libclang_rt.builtins.a : aeabi_idivmod.S.obj (.text)
                  0001645e    00000002     --HOLE-- [fill = 0]
                  00016460    00000054     ST7735.o (.text.fillmessage)
                  000164b4    0000004a     libclang_rt.builtins.a : fixdfsi.S.obj (.text)
                  000164fe    00000002     --HOLE-- [fill = 0]
                  00016500    00000048     SPI.o (.text.SPI_OutCommand)
                  00016548    00000044     ADC1.o (.text.ADCin)
                  0001658c    00000044     Sound.o (.text.SysTick_Handler)
                  000165d0    00000044     Sound.o (.text.SysTick_IntArm)
                  00016614    00000040     SPI.o (.text.SPI_Reset)
                  00016654    00000040     Sound.o (.text.Sound_Start)
                  00016694    00000040     TExaS.o (.text.TIMG7_IRQHandler)
                  000166d4    00000040     libclang_rt.builtins.a : aeabi_uidivmod.S.obj (.text)
                  00016714    0000003c     DAC5.o (.text.DAC5_Init)
                  00016750    0000003c     libc.a : autoinit.c.obj (.text:__TI_auto_init_nobinit_nopinit)
                  0001678c    0000003a     libclang_rt.builtins.a : muldsi3.S.obj (.text)
                  000167c6    00000002     --HOLE-- [fill = 0]
                  000167c8    00000038     LaunchPad.o (.text.ActivatePortA_B)
                  00016800    00000038     SPI.o (.text.SPI_OutData)
                  00016838    00000034     Clock.o (.text.Clock_Delay1ms)
                  0001686c    00000034     ST7735.o (.text.ST7735_SetCursor)
                  000168a0    00000032     ST7735.o (.text.ST7735_Color565)
                  000168d2    00000002     --HOLE-- [fill = 0]
                  000168d4    00000030     ST7735.o (.text.commonInit)
                  00016904    0000002c     ST7735.o (.text.ST7735_FillScreen)
                  00016930    0000002c     libclang_rt.builtins.a : floatsidf.S.obj (.text)
                  0001695c    00000028     libc.a : boot_cortex_m.c.obj (.text:_c_int00_noargs)
                  00016984    00000026     ST7735.o (.text.ST7735_OutString)
                  000169aa    00000002     --HOLE-- [fill = 0]
                  000169ac    00000024     Lab9Main.o (.text.ADCConvert)
                  000169d0    00000020     Sound.o (.text.Sound_Init)
                  000169f0    0000001e     ST7735.o (.text.pushColor)
                  00016a0e    00000002     --HOLE-- [fill = 0]
                  00016a10    0000001c     DAC5.o (.text.DAC5_Out)
                  00016a2c    0000001c     LaunchPad.o (.text.LaunchPad_InS2)
                  00016a48    0000001c     libclang_rt.builtins.a : aeabi_memset.S.obj (.text)
                  00016a64    00000018     Switch.o (.text.Switch_Init)
                  00016a7c    00000014     ST7735.o (.text.ST7735_SetTextColor)
                  00016a90    00000012     libc.a : memcpy16.S.obj (.text:TI_memcpy_small)
                  00016aa2    00000012            : copy_decompress_none.c.obj (.text:decompress:none)
                  00016ab4    00000010     Clock.o (.text.Clock_Delay)
                  00016ac4    00000010     libc.a : copy_zero_init.c.obj (.text:decompress:ZI)
                  00016ad4    0000000e            : memset16.S.obj (.text:TI_memset_small)
                  00016ae2    00000002     --HOLE-- [fill = 0]
                  00016ae4    0000000c     Clock.o (.text.Clock_Freq)
                  00016af0    00000008     libc.a : abs.c.obj (.text.abs)
                  00016af8    00000008     libclang_rt.builtins.a : aeabi_memcpy.S.obj (.text)
                  00016b00    00000004     startup_mspm0g3507_ticlang.o (.text.Default_Handler)
                  00016b04    00000004     startup_mspm0g3507_ticlang.o (.text.HardFault_Handler)
                  00016b08    00000004     startup_mspm0g3507_ticlang.o (.text.Reset_Handler)
                  00016b0c    00000004     libc.a : pre_init.c.obj (.text._system_pre_init)
                  00016b10    00000004            : exit.c.obj (.text:abort)
                  00016b14    00000004     --HOLE-- [fill = 0]

.cinit     0    00016b18    00000058     
                  00016b18    0000002f     (.cinit..data.load) [load image, compression = lzss]
                  00016b47    00000001     --HOLE-- [fill = 0]
                  00016b48    0000000c     (__TI_handler_table)
                  00016b54    00000008     (.cinit..bss.load) [load image, compression = zero_init]
                  00016b5c    00000010     (__TI_cinit_table)
                  00016b6c    00000004     --HOLE-- [fill = 0]

.rodata    0    000000c0    00012fb0     
                  000000c0    0000a000     Lab9Main.o (.rodata.unnamed)
                  0000a0c0    00003a80     WavSounds.o (.rodata.walking2)
                  0000db40    00001db6     WavSounds.o (.rodata.scream)
                  0000f8f6    00001184     Lab9Main.o (.rodata.handlight)
                  00010a7a    000005ed     Lab9Main.o (.rodata.worldMap0)
                  00011067    000005ed     Lab9Main.o (.rodata.worldMap1)
                  00011654    000005ed     Lab9Main.o (.rodata.worldMap2)
                  00011c41    000004fb     ST7735.o (.rodata.Font)
                  0001213c    000001a4     Lab9Main.o (.rodata.biggestheart)
                  000122e0    000001a4     Lab9Main.o (.rodata.bigheart)
                  00012484    000001a4     Lab9Main.o (.rodata.smallestheart)
                  00012628    000001a4     Lab9Main.o (.rodata.smallheart)
                  000127cc    000001a4     Lab9Main.o (.rodata.warningdark)
                  00012970    000001a4     Lab9Main.o (.rodata.warningdarkest)
                  00012b14    000001a4     Lab9Main.o (.rodata.warningmostopaque)
                  00012cb8    000001a4     Lab9Main.o (.rodata.warningopaque)
                  00012e5c    000000d3     Lab9Main.o (.rodata.str1.1)
                  00012f2f    00000001     --HOLE-- [fill = 0]
                  00012f30    00000048     Lab9Main.o (.rodata.Heart)
                  00012f78    00000048     Lab9Main.o (.rodata.Warning)
                  00012fc0    0000003b     ST7735.o (.rodata.Rcmd1)
                  00012ffb    0000002e     ST7735.o (.rodata.str1.1)
                  00013029    0000002b     ST7735.o (.rodata.Rcmd3)
                  00013054    0000000d     ST7735.o (.rodata.Rcmd2green)
                  00013061    0000000d     ST7735.o (.rodata.Rcmd2red)
                  0001306e    00000002     --HOLE-- [fill = 0]

.init_array 
*          0    00000000    00000000     UNINITIALIZED

.binit     0    00000000    00000000     

.bss       0    20200000    00002767     UNINITIALIZED
                  20200000    00001184     (.common:armBuffer)
                  20201184    00001184     (.common:armOverlay)
                  20202308    00000400     (.common:sliceBuffer)
                  20202708    0000000c     (.common:Message)
                  20202714    00000004     (.common:Messageindex)
                  20202718    00000004     (.common:TExaSLogic)
                  2020271c    00000004     (.common:TExaSadc)
                  20202720    00000004     (.common:currWorldMap)
                  20202724    00000004     (.common:currentheart)
                  20202728    00000004     (.common:currentwarning)
                  2020272c    00000004     (.common:dirX)
                  20202730    00000004     (.common:dirY)
                  20202734    00000004     (.common:exitDist)
                  20202738    00000004     (.common:ind)
                  2020273c    00000004     (.common:inp)
                  20202740    00000004     (.common:length)
                  20202744    00000004     (.common:planeX)
                  20202748    00000004     (.common:planeY)
                  2020274c    00000004     (.common:posX)
                  20202750    00000004     (.common:posY)
                  20202754    00000004     (.common:soundPtr)
                  20202758    00000002     (.common:score)
                  2020275a    00000002     (.common:score1)
                  2020275c    00000002     (.common:score2)
                  2020275e    00000002     (.common:score3)
                  20202760    00000001     ST7735.o (.bss.ColStart)
                  20202761    00000001     ST7735.o (.bss.RowStart)
                  20202762    00000001     ST7735.o (.bss.TabColor)
                  20202763    00000001     (.common:level1)
                  20202764    00000001     (.common:level2)
                  20202765    00000001     (.common:level3)
                  20202766    00000001     (.common:scareDist)

.sysmem    0    20202768    00000200     UNINITIALIZED
                  20202768    00000010     libc.a : memory.c.obj (.sysmem)
                  20202778    000001f0     --HOLE--

.data      0    20202968    00000036     UNINITIALIZED
                  20202968    00000004     Clock.o (.data.BusFreq)
                  2020296c    00000004     ST7735.o (.data.StX)
                  20202970    00000004     ST7735.o (.data.StY)
                  20202974    00000004     Lab9Main.o (.data.adcSamp)
                  20202978    00000004     Lab9Main.o (.data.gameTimer)
                  2020297c    00000004     Lab9Main.o (.data.moveSpeed)
                  20202980    00000004     Lab9Main.o (.data.rotInp)
                  20202984    00000002     ST7735.o (.data.StTextColor)
                  20202986    00000002     ST7735.o (.data._height)
                  20202988    00000002     ST7735.o (.data._width)
                  2020298a    00000001     Lab9Main.o (.data.armHeight)
                  2020298b    00000001     Lab9Main.o (.data.drawFlag)
                  2020298c    00000001     Lab9Main.o (.data.exit1_X)
                  2020298d    00000001     Lab9Main.o (.data.exit1_Y)
                  2020298e    00000001     Lab9Main.o (.data.exit2_X)
                  2020298f    00000001     Lab9Main.o (.data.exit2_Y)
                  20202990    00000001     Lab9Main.o (.data.exit3_X)
                  20202991    00000001     Lab9Main.o (.data.exit3_Y)
                  20202992    00000001     Lab9Main.o (.data.gameFlag)
                  20202993    00000001     Lab9Main.o (.data.handShift)
                  20202994    00000001     Lab9Main.o (.data.heartx)
                  20202995    00000001     Lab9Main.o (.data.i)
                  20202996    00000001     Lab9Main.o (.data.noScares)
                  20202997    00000001     Lab9Main.o (.data.scare2X)
                  20202998    00000001     Lab9Main.o (.data.scare2Y)
                  20202999    00000001     Lab9Main.o (.data.scare3X)
                  2020299a    00000001     Lab9Main.o (.data.scare3Y)
                  2020299b    00000001     Lab9Main.o (.data.soundEnFlag)
                  2020299c    00000001     Lab9Main.o (.data.warningx)
                  2020299d    00000001     Lab9Main.o (.data.win)

.stack     0    20207e00    00000200     UNINITIALIZED
                  20207e00    00000004     libc.a : boot_cortex_m.c.obj (.stack)
                  20207e04    000001fc     --HOLE--

__llvm_prf_cnts 
*          0    20200000    00000000     UNINITIALIZED

__llvm_prf_bits 
*          0    20200000    00000000     UNINITIALIZED

MODULE SUMMARY

       Module                         code    ro data   rw data
       ------                         ----    -------   -------
    ./
       Lab9Main.o                     8576    53710     10096  
       ST7735.o                       3220    1449      33     
       Clock.o                        516     0         4      
       SPI.o                          440     0         0      
       Sound.o                        232     0         0      
       LaunchPad.o                    208     0         0      
       ADC1.o                         188     0         0      
       Timer.o                        148     0         0      
       DAC5.o                         88      0         0      
       TExaS.o                        64      0         8      
       Switch.o                       24      0         0      
    +--+------------------------------+-------+---------+---------+
       Total:                         13704   55159     10141  
                                                               
    ./sounds/
       WavSounds.o                    0       22582     0      
    +--+------------------------------+-------+---------+---------+
       Total:                         0       22582     0      
                                                               
    ./ticlang/
       startup_mspm0g3507_ticlang.o   12      192       0      
    +--+------------------------------+-------+---------+---------+
       Total:                         12      192       0      
                                                               
    /Applications/ti/ccs1240/ccs/tools/compiler/ti-cgt-armllvm_2.1.3.LTS/lib/armv6m-ti-none-eabi/c/libc.a
       copy_decompress_lzss.c.obj     104     0         0      
       autoinit.c.obj                 60      0         0      
       boot_cortex_m.c.obj            40      0         0      
       copy_decompress_none.c.obj     18      0         0      
       memcpy16.S.obj                 18      0         0      
       copy_zero_init.c.obj           16      0         0      
       memset16.S.obj                 14      0         0      
       abs.c.obj                      8       0         0      
       exit.c.obj                     4       0         0      
       pre_init.c.obj                 4       0         0      
    +--+------------------------------+-------+---------+---------+
       Total:                         286     0         0      
                                                               
    /Applications/ti/ccs1240/ccs/tools/compiler/ti-cgt-armllvm_2.1.3.LTS/lib/clang/14.0.6/lib/armv6m-ti-none-eabi/libclang_rt.builtins.a
       adddf3.S.obj                   402     0         0      
       muldf3.S.obj                   228     0         0      
       aeabi_idivmod.S.obj            86      0         0      
       fixdfsi.S.obj                  74      0         0      
       aeabi_uidivmod.S.obj           64      0         0      
       muldsi3.S.obj                  58      0         0      
       floatsidf.S.obj                44      0         0      
       aeabi_memset.S.obj             28      0         0      
       aeabi_memcpy.S.obj             8       0         0      
       aeabi_div0.c.obj               2       0         0      
    +--+------------------------------+-------+---------+---------+
       Total:                         994     0         0      
                                                               
       Heap:                          0       0         512    
       Stack:                         0       0         512    
       Linker Generated:              0       83        0      
    +--+------------------------------+-------+---------+---------+
       Grand Total:                   14996   78016     11165  


LINKER GENERATED COPY TABLES

__TI_cinit_table @ 00016b5c records: 2, size/record: 8, table size: 16
	.data: load addr=00016b18, load size=0000002f bytes, run addr=20202968, run size=00000036 bytes, compression=lzss
	.bss: load addr=00016b54, load size=00000008 bytes, run addr=20200000, run size=00002767 bytes, compression=zero_init


LINKER GENERATED HANDLER TABLE

__TI_handler_table @ 00016b48 records: 3, size/record: 4, table size: 12
	index: 0, handler: __TI_decompress_lzss
	index: 1, handler: __TI_decompress_none
	index: 2, handler: __TI_zero_init


GLOBAL SYMBOLS: SORTED ALPHABETICALLY BY Name 

address   name                          
-------   ----                          
00016b01  ADC0_IRQHandler               
00016b01  ADC1_IRQHandler               
000169ad  ADCConvert                    
00016549  ADCin                         
000162b9  ADCinit                       
00016b01  AES_IRQHandler                
000167c9  ActivatePortA_B               
20202968  BusFreq                       
00016b10  C$$EXIT                       
00016b01  CANFD0_IRQHandler             
00016ab5  Clock_Delay                   
00016839  Clock_Delay1ms                
00016ae5  Clock_Freq                    
000153dd  Clock_Init80MHz               
00016b01  DAC0_IRQHandler               
00016715  DAC5_Init                     
00016a11  DAC5_Out                      
00016b01  DMA_IRQHandler                
00016b01  Default_Handler               
00016b01  GROUP0_IRQHandler             
00016b01  GROUP1_IRQHandler             
00016b05  HardFault_Handler             
00012f30  Heart                         
00016b01  I2C0_IRQHandler               
00016b01  I2C1_IRQHandler               
00016a2d  LaunchPad_InS2                
0001623d  LaunchPad_Init                
20202708  Message                       
20202714  Messageindex                  
00016b01  NMI_Handler                   
00016b01  PendSV_Handler                
00016b01  RTC_IRQHandler                
00016b09  Reset_Handler                 
00016b01  SPI0_IRQHandler               
00016b01  SPI1_IRQHandler               
00015b81  SPI_Init                      
00016501  SPI_OutCommand                
00016801  SPI_OutData                   
00016615  SPI_Reset                     
000168a1  ST7735_Color565               
000151cd  ST7735_DrawBitmap             
00015591  ST7735_DrawChar               
00015735  ST7735_DrawCharS              
00015e2d  ST7735_DrawFastVLine          
00016331  ST7735_DrawPixel              
00016135  ST7735_DrawString             
00015a69  ST7735_FillRect               
00016905  ST7735_FillScreen             
00015f81  ST7735_InitR                  
00015d5d  ST7735_OutChar                
00016985  ST7735_OutString              
000161b9  ST7735_OutUDec                
0001686d  ST7735_SetCursor              
00016a7d  ST7735_SetTextColor           
00016b01  SVC_Handler                   
000169d1  Sound_Init                    
00016655  Sound_Start                   
20202984  StTextColor                   
2020296c  StX                           
20202970  StY                           
00016a65  Switch_Init                   
0001658d  SysTick_Handler               
000165d1  SysTick_IntArm                
20202718  TExaSLogic                    
2020271c  TExaSadc                      
00016b01  TIMA0_IRQHandler              
00016b01  TIMA1_IRQHandler              
00016b01  TIMG0_IRQHandler              
00014efd  TIMG12_IRQHandler             
00016b01  TIMG6_IRQHandler              
00016695  TIMG7_IRQHandler              
00016b01  TIMG8_IRQHandler              
00016a91  TI_memcpy_small               
00016ad5  TI_memset_small               
00016019  TimerG12_IntArm               
00016b01  UART0_IRQHandler              
00016b01  UART1_IRQHandler              
00016b01  UART2_IRQHandler              
00016b01  UART3_IRQHandler              
00012f78  Warning                       
20208000  __STACK_END                   
00000200  __STACK_SIZE                  
00000200  __SYSMEM_SIZE                 
00016b5c  __TI_CINIT_Base               
00016b6c  __TI_CINIT_Limit              
00016b6c  __TI_CINIT_Warm               
00016b48  __TI_Handler_Table_Base       
00016b54  __TI_Handler_Table_Limit      
00016751  __TI_auto_init_nobinit_nopinit
000163a1  __TI_decompress_lzss          
00016aa3  __TI_decompress_none          
ffffffff  __TI_pprof_out_hndl           
ffffffff  __TI_prof_data_size           
ffffffff  __TI_prof_data_start          
00000000  __TI_static_base__            
00016ac5  __TI_zero_init                
000158df  __adddf3                      
000164b5  __aeabi_d2iz                  
000158df  __aeabi_dadd                  
00015c79  __aeabi_dmul                  
000158d5  __aeabi_dsub                  
00016931  __aeabi_i2d                   
00016409  __aeabi_idiv                  
00015a67  __aeabi_idiv0                 
00016409  __aeabi_idivmod               
00016a59  __aeabi_memclr                
00016a59  __aeabi_memclr4               
00016a59  __aeabi_memclr8               
00016af9  __aeabi_memcpy                
00016af9  __aeabi_memcpy4               
00016af9  __aeabi_memcpy8               
00016a49  __aeabi_memset                
00016a49  __aeabi_memset4               
00016a49  __aeabi_memset8               
000166d5  __aeabi_uidiv                 
000166d5  __aeabi_uidivmod              
ffffffff  __binit__                     
000164b5  __fixdfsi                     
00016931  __floatsidf                   
UNDEFED   __mpu_init                    
00015c79  __muldf3                      
0001678d  __muldsi3                     
20207e00  __stack                       
20200000  __start___llvm_prf_bits       
20200000  __start___llvm_prf_cnts       
20200000  __stop___llvm_prf_bits        
20200000  __stop___llvm_prf_cnts        
000158d5  __subdf3                      
0001695d  _c_int00_noargs               
20202768  _sys_memory                   
UNDEFED   _system_post_cinit            
00016b0d  _system_pre_init              
00016b11  abort                         
00016af1  abs                           
20202974  adcSamp                       
20200000  armBuffer                     
2020298a  armHeight                     
20201184  armOverlay                    
0001213c  biggestheart                  
000122e0  bigheart                      
ffffffff  binit                         
20202720  currWorldMap                  
20202724  currentheart                  
20202728  currentwarning                
2020272c  dirX                          
20202730  dirY                          
2020298b  drawFlag                      
2020298c  exit1_X                       
2020298d  exit1_Y                       
2020298e  exit2_X                       
2020298f  exit2_Y                       
20202990  exit3_X                       
20202991  exit3_Y                       
20202734  exitDist                      
00016461  fillmessage                   
20202992  gameFlag                      
20202978  gameTimer                     
20202993  handShift                     
0000f8f6  handlight                     
20202994  heartx                        
20202995  i                             
20202738  ind                           
2020273c  inp                           
00000000  interruptVectors              
20202740  length                        
20202763  level1                        
20202764  level2                        
20202765  level3                        
00013071  main                          
2020297c  moveSpeed                     
20202996  noScares                      
20202744  planeX                        
20202748  planeY                        
2020274c  posX                          
20202750  posY                          
20202980  rotInp                        
20202997  scare2X                       
20202998  scare2Y                       
20202999  scare3X                       
2020299a  scare3Y                       
20202766  scareDist                     
20202758  score                         
2020275a  score1                        
2020275c  score2                        
2020275e  score3                        
0000db40  scream                        
20202308  sliceBuffer                   
00012484  smallestheart                 
00012628  smallheart                    
2020299b  soundEnFlag                   
20202754  soundPtr                      
000000c0  unnamed                       
0000a0c0  walking2                      
000127cc  warningdark                   
00012970  warningdarkest                
00012b14  warningmostopaque             
00012cb8  warningopaque                 
2020299c  warningx                      
2020299d  win                           
00010a7a  worldMap0                     
00011067  worldMap1                     
00011654  worldMap2                     


GLOBAL SYMBOLS: SORTED BY Symbol Address 

address   name                          
-------   ----                          
00000000  __TI_static_base__            
00000000  interruptVectors              
000000c0  unnamed                       
00000200  __STACK_SIZE                  
00000200  __SYSMEM_SIZE                 
0000a0c0  walking2                      
0000db40  scream                        
0000f8f6  handlight                     
00010a7a  worldMap0                     
00011067  worldMap1                     
00011654  worldMap2                     
0001213c  biggestheart                  
000122e0  bigheart                      
00012484  smallestheart                 
00012628  smallheart                    
000127cc  warningdark                   
00012970  warningdarkest                
00012b14  warningmostopaque             
00012cb8  warningopaque                 
00012f30  Heart                         
00012f78  Warning                       
00013071  main                          
00014efd  TIMG12_IRQHandler             
000151cd  ST7735_DrawBitmap             
000153dd  Clock_Init80MHz               
00015591  ST7735_DrawChar               
00015735  ST7735_DrawCharS              
000158d5  __aeabi_dsub                  
000158d5  __subdf3                      
000158df  __adddf3                      
000158df  __aeabi_dadd                  
00015a67  __aeabi_idiv0                 
00015a69  ST7735_FillRect               
00015b81  SPI_Init                      
00015c79  __aeabi_dmul                  
00015c79  __muldf3                      
00015d5d  ST7735_OutChar                
00015e2d  ST7735_DrawFastVLine          
00015f81  ST7735_InitR                  
00016019  TimerG12_IntArm               
00016135  ST7735_DrawString             
000161b9  ST7735_OutUDec                
0001623d  LaunchPad_Init                
000162b9  ADCinit                       
00016331  ST7735_DrawPixel              
000163a1  __TI_decompress_lzss          
00016409  __aeabi_idiv                  
00016409  __aeabi_idivmod               
00016461  fillmessage                   
000164b5  __aeabi_d2iz                  
000164b5  __fixdfsi                     
00016501  SPI_OutCommand                
00016549  ADCin                         
0001658d  SysTick_Handler               
000165d1  SysTick_IntArm                
00016615  SPI_Reset                     
00016655  Sound_Start                   
00016695  TIMG7_IRQHandler              
000166d5  __aeabi_uidiv                 
000166d5  __aeabi_uidivmod              
00016715  DAC5_Init                     
00016751  __TI_auto_init_nobinit_nopinit
0001678d  __muldsi3                     
000167c9  ActivatePortA_B               
00016801  SPI_OutData                   
00016839  Clock_Delay1ms                
0001686d  ST7735_SetCursor              
000168a1  ST7735_Color565               
00016905  ST7735_FillScreen             
00016931  __aeabi_i2d                   
00016931  __floatsidf                   
0001695d  _c_int00_noargs               
00016985  ST7735_OutString              
000169ad  ADCConvert                    
000169d1  Sound_Init                    
00016a11  DAC5_Out                      
00016a2d  LaunchPad_InS2                
00016a49  __aeabi_memset                
00016a49  __aeabi_memset4               
00016a49  __aeabi_memset8               
00016a59  __aeabi_memclr                
00016a59  __aeabi_memclr4               
00016a59  __aeabi_memclr8               
00016a65  Switch_Init                   
00016a7d  ST7735_SetTextColor           
00016a91  TI_memcpy_small               
00016aa3  __TI_decompress_none          
00016ab5  Clock_Delay                   
00016ac5  __TI_zero_init                
00016ad5  TI_memset_small               
00016ae5  Clock_Freq                    
00016af1  abs                           
00016af9  __aeabi_memcpy                
00016af9  __aeabi_memcpy4               
00016af9  __aeabi_memcpy8               
00016b01  ADC0_IRQHandler               
00016b01  ADC1_IRQHandler               
00016b01  AES_IRQHandler                
00016b01  CANFD0_IRQHandler             
00016b01  DAC0_IRQHandler               
00016b01  DMA_IRQHandler                
00016b01  Default_Handler               
00016b01  GROUP0_IRQHandler             
00016b01  GROUP1_IRQHandler             
00016b01  I2C0_IRQHandler               
00016b01  I2C1_IRQHandler               
00016b01  NMI_Handler                   
00016b01  PendSV_Handler                
00016b01  RTC_IRQHandler                
00016b01  SPI0_IRQHandler               
00016b01  SPI1_IRQHandler               
00016b01  SVC_Handler                   
00016b01  TIMA0_IRQHandler              
00016b01  TIMA1_IRQHandler              
00016b01  TIMG0_IRQHandler              
00016b01  TIMG6_IRQHandler              
00016b01  TIMG8_IRQHandler              
00016b01  UART0_IRQHandler              
00016b01  UART1_IRQHandler              
00016b01  UART2_IRQHandler              
00016b01  UART3_IRQHandler              
00016b05  HardFault_Handler             
00016b09  Reset_Handler                 
00016b0d  _system_pre_init              
00016b10  C$$EXIT                       
00016b11  abort                         
00016b48  __TI_Handler_Table_Base       
00016b54  __TI_Handler_Table_Limit      
00016b5c  __TI_CINIT_Base               
00016b6c  __TI_CINIT_Limit              
00016b6c  __TI_CINIT_Warm               
20200000  __start___llvm_prf_bits       
20200000  __start___llvm_prf_cnts       
20200000  __stop___llvm_prf_bits        
20200000  __stop___llvm_prf_cnts        
20200000  armBuffer                     
20201184  armOverlay                    
20202308  sliceBuffer                   
20202708  Message                       
20202714  Messageindex                  
20202718  TExaSLogic                    
2020271c  TExaSadc                      
20202720  currWorldMap                  
20202724  currentheart                  
20202728  currentwarning                
2020272c  dirX                          
20202730  dirY                          
20202734  exitDist                      
20202738  ind                           
2020273c  inp                           
20202740  length                        
20202744  planeX                        
20202748  planeY                        
2020274c  posX                          
20202750  posY                          
20202754  soundPtr                      
20202758  score                         
2020275a  score1                        
2020275c  score2                        
2020275e  score3                        
20202763  level1                        
20202764  level2                        
20202765  level3                        
20202766  scareDist                     
20202768  _sys_memory                   
20202968  BusFreq                       
2020296c  StX                           
20202970  StY                           
20202974  adcSamp                       
20202978  gameTimer                     
2020297c  moveSpeed                     
20202980  rotInp                        
20202984  StTextColor                   
2020298a  armHeight                     
2020298b  drawFlag                      
2020298c  exit1_X                       
2020298d  exit1_Y                       
2020298e  exit2_X                       
2020298f  exit2_Y                       
20202990  exit3_X                       
20202991  exit3_Y                       
20202992  gameFlag                      
20202993  handShift                     
20202994  heartx                        
20202995  i                             
20202996  noScares                      
20202997  scare2X                       
20202998  scare2Y                       
20202999  scare3X                       
2020299a  scare3Y                       
2020299b  soundEnFlag                   
2020299c  warningx                      
2020299d  win                           
20207e00  __stack                       
20208000  __STACK_END                   
ffffffff  __TI_pprof_out_hndl           
ffffffff  __TI_prof_data_size           
ffffffff  __TI_prof_data_start          
ffffffff  __binit__                     
ffffffff  binit                         
UNDEFED   __mpu_init                    
UNDEFED   _system_post_cinit            

[202 symbols]
